Component: ARM Compiler 5.06 update 6 (build 750) Tool: armlink [4d35ed]

==============================================================================

Section Cross References

    startup_stm32f407xx.o(RESET) refers to startup_stm32f407xx.o(STACK) for __initial_sp
    startup_stm32f407xx.o(RESET) refers to startup_stm32f407xx.o(.text) for Reset_Handler
    startup_stm32f407xx.o(RESET) refers to stm32f4xx_it.o(i.NMI_Handler) for NMI_Handler
    startup_stm32f407xx.o(RESET) refers to context_rvds.o(.text) for HardFault_Handler
    startup_stm32f407xx.o(RESET) refers to stm32f4xx_it.o(i.MemManage_Handler) for MemManage_Handler
    startup_stm32f407xx.o(RESET) refers to stm32f4xx_it.o(i.BusFault_Handler) for BusFault_Handler
    startup_stm32f407xx.o(RESET) refers to stm32f4xx_it.o(i.UsageFault_Handler) for UsageFault_Handler
    startup_stm32f407xx.o(RESET) refers to stm32f4xx_it.o(i.DebugMon_Handler) for DebugMon_Handler
    startup_stm32f407xx.o(RESET) refers to board.o(i.SysTick_Handler) for SysTick_Handler
    startup_stm32f407xx.o(RESET) refers to stm32f4xx_it.o(i.ADC_IRQHandler) for ADC_IRQHandler
    startup_stm32f407xx.o(RESET) refers to stm32f4xx_it.o(i.USART1_IRQHandler) for USART1_IRQHandler
    startup_stm32f407xx.o(RESET) refers to stm32f4xx_it.o(i.USART2_IRQHandler) for USART2_IRQHandler
    startup_stm32f407xx.o(RESET) refers to stm32f4xx_it.o(i.USART3_IRQHandler) for USART3_IRQHandler
    startup_stm32f407xx.o(RESET) refers to stm32f4xx_it.o(i.DMA2_Stream0_IRQHandler) for DMA2_Stream0_IRQHandler
    startup_stm32f407xx.o(.text) refers to system_stm32f4xx.o(i.SystemInit) for SystemInit
    startup_stm32f407xx.o(.text) refers to entry.o(.ARM.Collect$$$$00000000) for __main
    main.o(i.HAL_UART_RxCpltCallback) refers to strlen.o(.text) for strlen
    main.o(i.HAL_UART_RxCpltCallback) refers to stm32f4xx_hal_uart.o(i.HAL_UART_Transmit) for HAL_UART_Transmit
    main.o(i.HAL_UART_RxCpltCallback) refers to printfa.o(i.__0printf) for __2printf
    main.o(i.HAL_UART_RxCpltCallback) refers to memseta.o(.text) for __aeabi_memclr4
    main.o(i.HAL_UART_RxCpltCallback) refers to stm32f4xx_hal_uart.o(i.HAL_UART_Receive_IT) for HAL_UART_Receive_IT
    main.o(i.HAL_UART_RxCpltCallback) refers to usart.o(.bss) for huart1
    main.o(i.HAL_UART_RxCpltCallback) refers to main.o(.data) for .data
    main.o(i.HAL_UART_RxCpltCallback) refers to main.o(.bss) for .bss
    main.o(i.HAL_UART_RxCpltCallback) refers to wife.o(.bss) for buf
    main.o(i.HAL_UART_RxCpltCallback) refers to wife.o(.data) for length3
    main.o(i.HAL_UART_RxCpltCallback) refers to wife.o(.bss) for com3
    main.o(i.MX_RT_Thread_Init) refers to thread.o(i.rt_thread_init) for rt_thread_init
    main.o(i.MX_RT_Thread_Init) refers to thread.o(i.rt_thread_startup) for rt_thread_startup
    main.o(i.MX_RT_Thread_Init) refers to main.o(.bss) for .bss
    main.o(i.MX_RT_Thread_Init) refers to main.o(i.smoke_task_entry) for smoke_task_entry
    main.o(i.MX_RT_Thread_Init) refers to main.o(i.fire_task_entry) for fire_task_entry
    main.o(i.MX_RT_Thread_Init) refers to main.o(i.light_task_entry) for light_task_entry
    main.o(i.SystemClock_Config) refers to memseta.o(.text) for __aeabi_memclr4
    main.o(i.SystemClock_Config) refers to stm32f4xx_hal_rcc.o(i.HAL_RCC_OscConfig) for HAL_RCC_OscConfig
    main.o(i.SystemClock_Config) refers to stm32f4xx_hal_rcc.o(i.HAL_RCC_ClockConfig) for HAL_RCC_ClockConfig
    main.o(i.fire_task_entry) refers to fire.o(i.Detect_Fire) for Detect_Fire
    main.o(i.fire_task_entry) refers to stm32f4xx_hal_gpio.o(i.HAL_GPIO_WritePin) for HAL_GPIO_WritePin
    main.o(i.fire_task_entry) refers to thread.o(i.rt_thread_mdelay) for rt_thread_mdelay
    main.o(i.fire_task_entry) refers to smoke.o(.data) for SmokeFlog
    main.o(i.fire_task_entry) refers to fire.o(.data) for FireFlag
    main.o(i.fire_task_entry) refers to light.o(.data) for LightFlag
    main.o(i.light_task_entry) refers to light.o(i.Detect_Light) for Detect_Light
    main.o(i.light_task_entry) refers to stm32f4xx_hal_gpio.o(i.HAL_GPIO_WritePin) for HAL_GPIO_WritePin
    main.o(i.light_task_entry) refers to thread.o(i.rt_thread_mdelay) for rt_thread_mdelay
    main.o(i.light_task_entry) refers to smoke.o(.data) for SmokeFlog
    main.o(i.light_task_entry) refers to fire.o(.data) for FireFlag
    main.o(i.light_task_entry) refers to light.o(.data) for LightFlag
    main.o(i.main) refers to gpio.o(i.MX_GPIO_Init) for MX_GPIO_Init
    main.o(i.main) refers to usart.o(i.MX_USART1_UART_Init) for MX_USART1_UART_Init
    main.o(i.main) refers to adc.o(i.MX_ADC2_Init) for MX_ADC2_Init
    main.o(i.main) refers to dma.o(i.MX_DMA_Init) for MX_DMA_Init
    main.o(i.main) refers to adc.o(i.MX_ADC3_Init) for MX_ADC3_Init
    main.o(i.main) refers to usart.o(i.MX_USART2_UART_Init) for MX_USART2_UART_Init
    main.o(i.main) refers to adc.o(i.MX_ADC1_Init) for MX_ADC1_Init
    main.o(i.main) refers to usart.o(i.MX_USART3_UART_Init) for MX_USART3_UART_Init
[...]
    FSymTab                                  0x08006a40   Section      120  cmd.o(FSymTab)
    __tagsym$$used                           0x08006a40   Number         0  cmd.o(FSymTab)
    __tagsym$$used                           0x08006a4c   Number         0  cmd.o(FSymTab)
    __tagsym$$used                           0x08006a58   Number         0  cmd.o(FSymTab)
    __tagsym$$used                           0x08006a64   Number         0  cmd.o(FSymTab)
    __tagsym$$used                           0x08006a70   Number         0  cmd.o(FSymTab)
    __tagsym$$used                           0x08006a7c   Number         0  cmd.o(FSymTab)
    __tagsym$$used                           0x08006a88   Number         0  cmd.o(FSymTab)
    __tagsym$$used                           0x08006a94   Number         0  cmd.o(FSymTab)
    __tagsym$$used                           0x08006aa0   Number         0  cmd.o(FSymTab)
    __tagsym$$used                           0x08006aac   Number         0  cmd.o(FSymTab)
    FSymTab                                  0x08006ab8   Section       36  msh.o(FSymTab)
    __tagsym$$used                           0x08006ab8   Number         0  msh.o(FSymTab)
    __tagsym$$used                           0x08006ac4   Number         0  msh.o(FSymTab)
    __tagsym$$used                           0x08006ad0   Number         0  msh.o(FSymTab)
    .data                                    0x20000000   Section       12  main.o(.data)
    .data                                    0x2000000c   Section       12  stm32f4xx_hal.o(.data)
    .data                                    0x20000018   Section        4  system_stm32f4xx.o(.data)
    .data                                    0x2000001c   Section        4  fire.o(.data)
    .data                                    0x20000020   Section       16  smoke.o(.data)
    .data                                    0x20000030   Section       16  light.o(.data)
    .data                                    0x20000040   Section        2  wife.o(.data)
    .data                                    0x20000044   Section        4  clock.o(.data)
    rt_tick                                  0x20000044   Data           4  clock.o(.data)
    .data                                    0x20000048   Section        1  irq.o(.data)
    .data                                    0x2000004c   Section       24  mem.o(.data)
    heap_ptr                                 0x2000004c   Data           4  mem.o(.data)
    heap_end                                 0x20000050   Data           4  mem.o(.data)
    lfree                                    0x20000054   Data           4  mem.o(.data)
    mem_size_aligned                         0x20000058   Data           4  mem.o(.data)
    used_mem                                 0x2000005c   Data           4  mem.o(.data)
    max_mem                                  0x20000060   Data           4  mem.o(.data)
    .data                                    0x20000064   Section       48  object.o(.data)
    rt_object_container                      0x20000064   Data          48  object.o(.data)
    .data                                    0x20000094   Section       20  scheduler.o(.data)
    rt_scheduler_lock_nest                   0x20000096   Data           2  scheduler.o(.data)
    .data                                    0x200000a8   Section       12  timer.o(.data)
    random_nr                                0x200000a8   Data           4  timer.o(.data)
    rt_timer_list                            0x200000ac   Data           8  timer.o(.data)
    .data                                    0x200000b4   Section        4  cpuport.o(.data)
    rt_exception_hook                        0x200000b4   Data           4  cpuport.o(.data)
    .data                                    0x200000b8   Section        4  cpuport.o(.data)
    .data                                    0x200000bc   Section        4  cpuport.o(.data)
    .data                                    0x200000c0   Section        4  cpuport.o(.data)
    .data                                    0x200000c4   Section       24  shell.o(.data)
    finsh_prompt_custom                      0x200000d4   Data           4  shell.o(.data)
    .data                                    0x200000dc   Section        4  stdout.o(.data)
    .bss                                     0x200000e0   Section     2116  main.o(.bss)
    .bss                                     0x20000924   Section      312  adc.o(.bss)
    .bss                                     0x20000a5c   Section      204  usart.o(.bss)
    .bss                                     0x20000b28   Section      100  wife.o(.bss)
    .bss                                     0x20000b8c   Section      100  wife.o(.bss)
    .bss                                     0x20000bf0   Section      376  idle.o(.bss)
    idle                                     0x20000bf0   Data         120  idle.o(.bss)
    rt_thread_stack                          0x20000c68   Data         256  idle.o(.bss)
    .bss                                     0x20000d68   Section      128  kservice.o(.bss)
    rt_log_buf                               0x20000d68   Data         128  kservice.o(.bss)
    .bss                                     0x20000de8   Section       32  mem.o(.bss)
    heap_sem                                 0x20000de8   Data          32  mem.o(.bss)
    .bss                                     0x20000e08   Section      256  scheduler.o(.bss)
    .bss                                     0x20000f08   Section    15428  board.o(.bss)
    rt_heap                                  0x20000f08   Data       15360  board.o(.bss)
    UartHandle                               0x20004b08   Data          68  board.o(.bss)
    .bss                                     0x20004b4c   Section      129  shell.o(.bss)
    finsh_prompt                             0x20004b4c   Data         129  shell.o(.bss)
    STACK                                    0x20004bd0   Section     1024  startup_stm32f407xx.o(STACK)

    Global Symbols

    Symbol Name                              Value     Ov Type        Size  Object(Section)

    BuildAttributes$$THM_ISAv4$E$P$D$K$B$S$7EM$VFPi3$EXTD16$VFPS$VFMA$PE$A:L22UL41UL21$X:L11$S22US41US21$IEEE1$IW$USESV6$~STKCKD$USESV7$~SHL$OTIME$ROPI$EBA8$MICROLIB$REQ8$PRES8$EABIv2 0x00000000   Number         0  anon$$obj.o ABSOLUTE
    __ARM_use_no_argv                        0x00000000   Number         0  main.o ABSOLUTE
    _printf_a                                0x00000000   Number         0  stubs.o ABSOLUTE
    _printf_c                                0x00000000   Number         0  stubs.o ABSOLUTE
    _printf_charcount                        0x00000000   Number         0  stubs.o ABSOLUTE
    _printf_d                                0x00000000   Number         0  stubs.o ABSOLUTE
    _printf_e                                0x00000000   Number         0  stubs.o ABSOLUTE
    _printf_f                                0x00000000   Number         0  stubs.o ABSOLUTE
    _printf_flags                            0x00000000   Number         0  stubs.o ABSOLUTE
    _printf_fp_dec                           0x00000000   Number         0  stubs.o ABSOLUTE
    _printf_fp_hex                           0x00000000   Number         0  stubs.o ABSOLUTE
    _printf_g                                0x00000000   Number         0  stubs.o ABSOLUTE
    _printf_i                                0x00000000   Number         0  stubs.o ABSOLUTE
    _printf_int_dec                          0x00000000   Number         0  stubs.o ABSOLUTE
    _printf_l                                0x00000000   Number         0  stubs.o ABSOLUTE
    _printf_lc                               0x00000000   Number         0  stubs.o ABSOLUTE
    _printf_ll                               0x00000000   Number         0  stubs.o ABSOLUTE
    _printf_lld                              0x00000000   Number         0  stubs.o ABSOLUTE
    _printf_lli                              0x00000000   Number         0  stubs.o ABSOLUTE
    _printf_llo                              0x00000000   Number         0  stubs.o ABSOLUTE
    _printf_llu                              0x00000000   Number         0  stubs.o ABSOLUTE
    _printf_llx                              0x00000000   Number         0  stubs.o ABSOLUTE
    _printf_longlong_dec                     0x00000000   Number         0  stubs.o ABSOLUTE
    _printf_longlong_hex                     0x00000000   Number         0  stubs.o ABSOLUTE
    _printf_longlong_oct                     0x00000000   Number         0  stubs.o ABSOLUTE
    _printf_ls                               0x00000000   Number         0  stubs.o ABSOLUTE
    _printf_mbtowc                           0x00000000   Number         0  stubs.o ABSOLUTE
    _printf_n                                0x00000000   Number         0  stubs.o ABSOLUTE
    _printf_o                                0x00000000   Number         0  stubs.o ABSOLUTE
    _printf_p                                0x00000000   Number         0  stubs.o ABSOLUTE
    _printf_percent                          0x00000000   Number         0  stubs.o ABSOLUTE
    _printf_pre_padding                      0x00000000   Number         0  stubs.o ABSOLUTE
    _printf_return_value                     0x00000000   Number         0  stubs.o ABSOLUTE
    _printf_s                                0x00000000   Number         0  stubs.o ABSOLUTE
    _printf_sizespec                         0x00000000   Number         0  stubs.o ABSOLUTE
    _printf_str                              0x00000000   Number         0  stubs.o ABSOLUTE
    _printf_truncate_signed                  0x00000000   Number         0  stubs.o ABSOLUTE
    _printf_truncate_unsigned                0x00000000   Number         0  stubs.o ABSOLUTE
    _printf_u                                0x00000000   Number         0  stubs.o ABSOLUTE
    _printf_wc                               0x00000000   Number         0  stubs.o ABSOLUTE
    _printf_wctomb                           0x00000000   Number         0  stubs.o ABSOLUTE
    _printf_widthprec                        0x00000000   Number         0  stubs.o ABSOLUTE
    _printf_x                                0x00000000   Number         0  stubs.o ABSOLUTE
    __cpp_initialize__aeabi_                  - Undefined Weak Reference
    __cxa_finalize                            - Undefined Weak Reference
    __decompress                              - Undefined Weak Reference
    _clock_init                               - Undefined Weak Reference
    _microlib_exit                            - Undefined Weak Reference
    __Vectors_Size                           0x00000188   Number         0  startup_stm32f407xx.o ABSOLUTE
    __Vectors                                0x08000000   Data           4  startup_stm32f407xx.o(RESET)
    __Vectors_End                            0x08000188   Data           0  startup_stm32f407xx.o(RESET)
    __main                                   0x08000189   Thumb Code     0  entry.o(.ARM.Collect$$$$00000000)
    _main_stk                                0x08000189   Thumb Code     0  entry2.o(.ARM.Collect$$$$00000001)
    _main_scatterload                        0x0800018d   Thumb Code     0  entry5.o(.ARM.Collect$$$$00000004)
    __main_after_scatterload                 0x08000191   Thumb Code     0  entry5.o(.ARM.Collect$$$$00000004)
    _main_clock                              0x08000191   Thumb Code     0  entry7b.o(.ARM.Collect$$$$00000008)
    _main_cpp_init                           0x08000191   Thumb Code     0  entry8b.o(.ARM.Collect$$$$0000000A)
    _main_init                               0x08000191   Thumb Code     0  entry9a.o(.ARM.Collect$$$$0000000B)
    __rt_final_cpp                           0x08000199   Thumb Code     0  entry10a.o(.ARM.Collect$$$$0000000D)
    __rt_final_exit                          0x08000199   Thumb Code     0  entry11a.o(.ARM.Collect$$$$0000000F)
    Reset_Handler                            0x0800019d   Thumb Code     8  startup_stm32f407xx.o(.text)
    SVC_Handler                              0x080001af   Thumb Code     2  startup_stm32f407xx.o(.text)
    CAN1_RX0_IRQHandler                      0x080001b7   Thumb Code     0  startup_stm32f407xx.o(.text)
    CAN1_RX1_IRQHandler                      0x080001b7   Thumb Code     0  startup_stm32f407xx.o(.text)
    CAN1_SCE_IRQHandler                      0x080001b7   Thumb Code     0  startup_stm32f407xx.o(.text)
    CAN1_TX_IRQHandler                       0x080001b7   Thumb Code     0  startup_stm32f407xx.o(.text)
    CAN2_RX0_IRQHandler                      0x080001b7   Thumb Code     0  startup_stm32f407xx.o(.text)
    CAN2_RX1_IRQHandler                      0x080001b7   Thumb Code     0  startup_stm32f407xx.o(.text)
    CAN2_SCE_IRQHandler                      0x080001b7   Thumb Code     0  startup_stm32f407xx.o(.text)
    CAN2_TX_IRQHandler                       0x080001b7   Thumb Code     0  startup_stm32f407xx.o(.text)
    DCMI_IRQHandler                          0x080001b7   Thumb Code     0  startup_stm32f407xx.o(.text)
    DMA1_Stream0_IRQHandler                  0x080001b7   Thumb Code     0  startup_stm32f407xx.o(.text)
    DMA1_Stream1_IRQHandler                  0x080001b7   Thumb Code     0  startup_stm32f407xx.o(.text)
    DMA1_Stream2_IRQHandler                  0x080001b7   Thumb Code     0  startup_stm32f407xx.o(.text)
    DMA1_Stream3_IRQHandler                  0x080001b7   Thumb Code     0  startup_stm32f407xx.o(.text)
    DMA1_Stream4_IRQHandler                  0x080001b7   Thumb Code     0  startup_stm32f407xx.o(.text)
    DMA1_Stream5_IRQHandler                  0x080001b7   Thumb Code     0  startup_stm32f407xx.o(.text)
    DMA1_Stream6_IRQHandler                  0x080001b7   Thumb Code     0  startup_stm32f407xx.o(.text)
    DMA1_Stream7_IRQHandler                  0x080001b7   Thumb Code     0  startup_stm32f407xx.o(.text)
    DMA2_Stream1_IRQHandler                  0x080001b7   Thumb Code     0  startup_stm32f407xx.o(.text)
    DMA2_Stream2_IRQHandler                  0x080001b7   Thumb Code     0  startup_stm32f407xx.o(.text)
    DMA2_Stream3_IRQHandler                  0x080001b7   Thumb Code     0  startup_stm32f407xx.o(.text)
    DMA2_Stream4_IRQHandler                  0x080001b7   Thumb Code     0  startup_stm32f407xx.o(.text)
    DMA2_Stream5_IRQHandler                  0x080001b7   Thumb Code     0  startup_stm32f407xx.o(.text)
    DMA2_Stream6_IRQHandler                  0x080001b7   Thumb Code     0  startup_stm32f407xx.o(.text)
    DMA2_Stream7_IRQHandler                  0x080001b7   Thumb Code     0  startup_stm32f407xx.o(.text)
    ETH_IRQHandler                           0x080001b7   Thumb Code     0  startup_stm32f407xx.o(.text)
    ETH_WKUP_IRQHandler                      0x080001b7   Thumb Code     0  startup_stm32f407xx.o(.text)
    EXTI0_IRQHandler                         0x080001b7   Thumb Code     0  startup_stm32f407xx.o(.text)
    EXTI15_10_IRQHandler                     0x080001b7   Thumb Code     0  startup_stm32f407xx.o(.text)
    EXTI1_IRQHandler                         0x080001b7   Thumb Code     0  startup_stm32f407xx.o(.text)
    EXTI2_IRQHandler                         0x080001b7   Thumb Code     0  startup_stm32f407xx.o(.text)
    EXTI3_IRQHandler                         0x080001b7   Thumb Code     0  startup_stm32f407xx.o(.text)
    EXTI4_IRQHandler                         0x080001b7   Thumb Code     0  startup_stm32f407xx.o(.text)
    EXTI9_5_IRQHandler                       0x080001b7   Thumb Code     0  startup_stm32f407xx.o(.text)
    FLASH_IRQHandler                         0x080001b7   Thumb Code     0  startup_stm32f407xx.o(.text)
    FMC_IRQHandler                           0x080001b7   Thumb Code     0  startup_stm32f407xx.o(.text)
    FPU_IRQHandler                           0x080001b7   Thumb Code     0  startup_stm32f407xx.o(.text)
    HASH_RNG_IRQHandler                      0x080001b7   Thumb Code     0  startup_stm32f407xx.o(.text)
    I2C1_ER_IRQHandler                       0x080001b7   Thumb Code     0  startup_stm32f407xx.o(.text)
    I2C1_EV_IRQHandler                       0x080001b7   Thumb Code     0  startup_stm32f407xx.o(.text)
    I2C2_ER_IRQHandler                       0x080001b7   Thumb Code     0  startup_stm32f407xx.o(.text)
    I2C2_EV_IRQHandler                       0x080001b7   Thumb Code     0  startup_stm32f407xx.o(.text)
    I2C3_ER_IRQHandler                       0x080001b7   Thumb Code     0  startup_stm32f407xx.o(.text)
    I2C3_EV_IRQHandler                       0x080001b7   Thumb Code     0  startup_stm32f407xx.o(.text)
    OTG_FS_IRQHandler                        0x080001b7   Thumb Code     0  startup_stm32f407xx.o(.text)
    OTG_FS_WKUP_IRQHandler                   0x080001b7   Thumb Code     0  startup_stm32f407xx.o(.text)
    OTG_HS_EP1_IN_IRQHandler                 0x080001b7   Thumb Code     0  startup_stm32f407xx.o(.text)
    OTG_HS_EP1_OUT_IRQHandler                0x080001b7   Thumb Code     0  startup_stm32f407xx.o(.text)
    OTG_HS_IRQHandler                        0x080001b7   Thumb Code     0  startup_stm32f407xx.o(.text)
    OTG_HS_WKUP_IRQHandler                   0x080001b7   Thumb Code     0  startup_stm32f407xx.o(.text)
    PVD_IRQHandler                           0x080001b7   Thumb Code     0  startup_stm32f407xx.o(.text)
    RCC_IRQHandler                           0x080001b7   Thumb Code     0  startup_stm32f407xx.o(.text)
    RTC_Alarm_IRQHandler                     0x080001b7   Thumb Code     0  startup_stm32f407xx.o(.text)
    RTC_WKUP_IRQHandler                      0x080001b7   Thumb Code     0  startup_stm32f407xx.o(.text)
    SDIO_IRQHandler                          0x080001b7   Thumb Code     0  startup_stm32f407xx.o(.text)
    SPI1_IRQHandler                          0x080001b7   Thumb Code     0  startup_stm32f407xx.o(.text)
    SPI2_IRQHandler                          0x080001b7   Thumb Code     0  startup_stm32f407xx.o(.text)
    SPI3_IRQHandler                          0x080001b7   Thumb Code     0  startup_stm32f407xx.o(.text)
    TAMP_STAMP_IRQHandler                    0x080001b7   Thumb Code     0  startup_stm32f407xx.o(.text)
    TIM1_BRK_TIM9_IRQHandler                 0x080001b7   Thumb Code     0  startup_stm32f407xx.o(.text)
    TIM1_CC_IRQHandler                       0x080001b7   Thumb Code     0  startup_stm32f407xx.o(.text)
    TIM1_TRG_COM_TIM11_IRQHandler            0x080001b7   Thumb Code     0  startup_stm32f407xx.o(.text)
    TIM1_UP_TIM10_IRQHandler                 0x080001b7   Thumb Code     0  startup_stm32f407xx.o(.text)
    TIM2_IRQHandler                          0x080001b7   Thumb Code     0  startup_stm32f407xx.o(.text)
    TIM3_IRQHandler                          0x080001b7   Thumb Code     0  startup_stm32f407xx.o(.text)
    TIM4_IRQHandler                          0x080001b7   Thumb Code     0  startup_stm32f407xx.o(.text)
    TIM5_IRQHandler                          0x080001b7   Thumb Code     0  startup_stm32f407xx.o(.text)
    TIM6_DAC_IRQHandler                      0x080001b7   Thumb Code     0  startup_stm32f407xx.o(.text)
    TIM7_IRQHandler                          0x080001b7   Thumb Code     0  startup_stm32f407xx.o(.text)
    TIM8_BRK_TIM12_IRQHandler                0x080001b7   Thumb Code     0  startup_stm32f407xx.o(.text)
    TIM8_CC_IRQHandler                       0x080001b7   Thumb Code     0  startup_stm32f407xx.o(.text)
    TIM8_TRG_COM_TIM14_IRQHandler            0x080001b7   Thumb Code     0  startup_stm32f407xx.o(.text)
    TIM8_UP_TIM13_IRQHandler                 0x080001b7   Thumb Code     0  startup_stm32f407xx.o(.text)
    UART4_IRQHandler                         0x080001b7   Thumb Code     0  startup_stm32f407xx.o(.text)
    UART5_IRQHandler                         0x080001b7   Thumb Code     0  startup_stm32f407xx.o(.text)
    USART6_IRQHandler                        0x080001b7   Thumb Code     0  startup_stm32f407xx.o(.text)
    WWDG_IRQHandler                          0x080001b7   Thumb Code     0  startup_stm32f407xx.o(.text)
    rt_hw_interrupt_disable                  0x080001c1   Thumb Code     8  context_rvds.o(.text)
    rt_hw_interrupt_enable                   0x080001c9   Thumb Code     6  context_rvds.o(.text)
    rt_hw_context_switch                     0x080001cf   Thumb Code    32  context_rvds.o(.text)
    rt_hw_context_switch_interrupt           0x080001cf   Thumb Code     0  context_rvds.o(.text)
    PendSV_Handler                           0x080001ef   Thumb Code   108  context_rvds.o(.text)
    rt_hw_context_switch_to                  0x0800025b   Thumb Code    68  context_rvds.o(.text)
    rt_hw_interrupt_thread_switch            0x0800029f   Thumb Code     2  context_rvds.o(.text)
    HardFault_Handler                        0x080002a1   Thumb Code    56  context_rvds.o(.text)
    __aeabi_uldivmod                         0x080002f5   Thumb Code    98  uldiv.o(.text)
    __aeabi_memcpy                           0x08000357   Thumb Code    36  memcpya.o(.text)
    __aeabi_memcpy4                          0x08000357   Thumb Code     0  memcpya.o(.text)
    __aeabi_memcpy8                          0x08000357   Thumb Code     0  memcpya.o(.text)
    __aeabi_memset                           0x0800037b   Thumb Code    14  memseta.o(.text)
    __aeabi_memset4                          0x0800037b   Thumb Code     0  memseta.o(.text)
    __aeabi_memset8                          0x0800037b   Thumb Code     0  memseta.o(.text)
    __aeabi_memclr                           0x08000389   Thumb Code     4  memseta.o(.text)
    __aeabi_memclr4                          0x08000389   Thumb Code     0  memseta.o(.text)
    __aeabi_memclr8                          0x08000389   Thumb Code     0  memseta.o(.text)
    _memset$wrapper                          0x0800038d   Thumb Code    18  memseta.o(.text)
    strcat                                   0x0800039f   Thumb Code    24  strcat.o(.text)
    strncpy                                  0x080003b7   Thumb Code    24  strncpy.o(.text)
    strlen                                   0x080003cf   Thumb Code    14  strlen.o(.text)
    strncmp                                  0x080003dd   Thumb Code    30  strncmp.o(.text)
    __aeabi_dadd                             0x080003fb   Thumb Code   322  dadd.o(.text)
    __aeabi_dsub                             0x0800053d   Thumb Code     6  dadd.o(.text)
    __aeabi_drsub                            0x08000543   Thumb Code     6  dadd.o(.text)
    __aeabi_ddiv                             0x08000549   Thumb Code   222  ddiv.o(.text)
    __aeabi_ui2d                             0x08000627   Thumb Code    26  dfltui.o(.text)
    __aeabi_cdcmpeq                          0x08000641   Thumb Code     0  cdcmple.o(.text)
    __aeabi_cdcmple                          0x08000641   Thumb Code    48  cdcmple.o(.text)
    __aeabi_cdrcmple                         0x08000671   Thumb Code    48  cdrcmple.o(.text)
    __aeabi_uidiv                            0x080006a1   Thumb Code     0  uidiv.o(.text)
    __aeabi_uidivmod                         0x080006a1   Thumb Code    44  uidiv.o(.text)
    __aeabi_llsl                             0x080006cd   Thumb Code    30  llshl.o(.text)
    _ll_shift_l                              0x080006cd   Thumb Code     0  llshl.o(.text)
    __aeabi_llsr                             0x080006eb   Thumb Code    32  llushr.o(.text)
    _ll_ushift_r                             0x080006eb   Thumb Code     0  llushr.o(.text)
    __aeabi_lasr                             0x0800070b   Thumb Code    36  llsshr.o(.text)
    _ll_sshift_r                             0x0800070b   Thumb Code     0  llsshr.o(.text)
    __I$use$fp                               0x0800072f   Thumb Code     0  iusefp.o(.text)
    _double_round                            0x0800072f   Thumb Code    30  depilogue.o(.text)
    _double_epilogue                         0x0800074d   Thumb Code   156  depilogue.o(.text)
    __aeabi_dmul                             0x080007e9   Thumb Code   228  dmul.o(.text)
    __aeabi_d2ulz                            0x080008cd   Thumb Code    48  dfixul.o(.text)
    __scatterload                            0x080008fd   Thumb Code    28  init.o(.text)
    __scatterload_rt2                        0x080008fd   Thumb Code     0  init.o(.text)
    main                                     0x08000921   Thumb Code    10  components.o(i.$Sub$$main)
    ADC_IRQHandler                           0x0800092d   Thumb Code    24  stm32f4xx_it.o(i.ADC_IRQHandler)
    BusFault_Handler                         0x08000a79   Thumb Code     2  stm32f4xx_it.o(i.BusFault_Handler)
    DMA2_Stream0_IRQHandler                  0x08000a7d   Thumb Code     6  stm32f4xx_it.o(i.DMA2_Stream0_IRQHandler)
    DebugMon_Handler                         0x08000b05   Thumb Code     2  stm32f4xx_it.o(i.DebugMon_Handler)
    Detect_Fire                              0x08000b09   Thumb Code    52  fire.o(i.Detect_Fire)
    Detect_Light                             0x08000b6d   Thumb Code   136  light.o(i.Detect_Light)
    Detect_Smoke                             0x08000c35   Thumb Code   102  smoke.o(i.Detect_Smoke)
    Error_Handler                            0x08000cc9   Thumb Code     2  main.o(i.Error_Handler)
    HAL_ADCEx_InjectedConvCpltCallback       0x08000ccb   Thumb Code     2  stm32f4xx_hal_adc_ex.o(i.HAL_ADCEx_InjectedConvCpltCallback)
    HAL_ADC_ConfigChannel                    0x08000ccd   Thumb Code   316  stm32f4xx_hal_adc.o(i.HAL_ADC_ConfigChannel)
    HAL_ADC_ConvCpltCallback                 0x08000e19   Thumb Code     2  stm32f4xx_hal_adc.o(i.HAL_ADC_ConvCpltCallback)
    HAL_ADC_ErrorCallback                    0x08000e1b   Thumb Code     2  stm32f4xx_hal_adc.o(i.HAL_ADC_ErrorCallback)
    HAL_ADC_GetState                         0x08000e1d   Thumb Code     4  stm32f4xx_hal_adc.o(i.HAL_ADC_GetState)
    HAL_ADC_GetValue                         0x08000e21   Thumb Code     6  stm32f4xx_hal_adc.o(i.HAL_ADC_GetValue)
    HAL_ADC_IRQHandler                       0x08000e27   Thumb Code   316  stm32f4xx_hal_adc.o(i.HAL_ADC_IRQHandler)
    HAL_ADC_Init                             0x08000f63   Thumb Code    84  stm32f4xx_hal_adc.o(i.HAL_ADC_Init)
    HAL_ADC_LevelOutOfWindowCallback         0x08000fb7   Thumb Code     2  stm32f4xx_hal_adc.o(i.HAL_ADC_LevelOutOfWindowCallback)
    HAL_ADC_MspInit                          0x08000fb9   Thumb Code   244  adc.o(i.HAL_ADC_MspInit)
    HAL_ADC_PollForConversion                0x080010cd   Thumb Code   170  stm32f4xx_hal_adc.o(i.HAL_ADC_PollForConversion)
    HAL_ADC_Start                            0x08001179   Thumb Code   228  stm32f4xx_hal_adc.o(i.HAL_ADC_Start)
    HAL_DMA_Abort                            0x08001275   Thumb Code   146  stm32f4xx_hal_dma.o(i.HAL_DMA_Abort)
    HAL_DMA_Abort_IT                         0x08001307   Thumb Code    36  stm32f4xx_hal_dma.o(i.HAL_DMA_Abort_IT)
    HAL_DMA_IRQHandler                       0x0800132d   Thumb Code   412  stm32f4xx_hal_dma.o(i.HAL_DMA_IRQHandler)
    HAL_DMA_Init                             0x080014cd   Thumb Code   206  stm32f4xx_hal_dma.o(i.HAL_DMA_Init)
    HAL_GPIO_Init                            0x080015a1   Thumb Code   450  stm32f4xx_hal_gpio.o(i.HAL_GPIO_Init)
    HAL_GPIO_ReadPin                         0x08001791   Thumb Code    10  stm32f4xx_hal_gpio.o(i.HAL_GPIO_ReadPin)
    HAL_GPIO_TogglePin                       0x0800179b   Thumb Code    16  stm32f4xx_hal_gpio.o(i.HAL_GPIO_TogglePin)
    HAL_GPIO_WritePin                        0x080017ab   Thumb Code    10  stm32f4xx_hal_gpio.o(i.HAL_GPIO_WritePin)
    HAL_GetTick                              0x080017b5   Thumb Code     6  stm32f4xx_hal.o(i.HAL_GetTick)
    HAL_Init                                 0x080017c1   Thumb Code    48  stm32f4xx_hal.o(i.HAL_Init)
    HAL_InitTick                             0x080017f5   Thumb Code    54  stm32f4xx_hal.o(i.HAL_InitTick)
    HAL_MspInit                              0x08001835   Thumb Code    42  stm32f4xx_hal_msp.o(i.HAL_MspInit)
    HAL_NVIC_EnableIRQ                       0x08001865   Thumb Code    26  stm32f4xx_hal_cortex.o(i.HAL_NVIC_EnableIRQ)
    HAL_NVIC_SetPriority                     0x08001881   Thumb Code    60  stm32f4xx_hal_cortex.o(i.HAL_NVIC_SetPriority)
    HAL_NVIC_SetPriorityGrouping             0x080018c1   Thumb Code    26  stm32f4xx_hal_cortex.o(i.HAL_NVIC_SetPriorityGrouping)
    HAL_RCC_ClockConfig                      0x080018e5   Thumb Code   288  stm32f4xx_hal_rcc.o(i.HAL_RCC_ClockConfig)
    HAL_RCC_GetHCLKFreq                      0x08001a19   Thumb Code     6  stm32f4xx_hal_rcc.o(i.HAL_RCC_GetHCLKFreq)
    HAL_RCC_GetPCLK1Freq                     0x08001a25   Thumb Code    20  stm32f4xx_hal_rcc.o(i.HAL_RCC_GetPCLK1Freq)
    HAL_RCC_GetPCLK2Freq                     0x08001a45   Thumb Code    20  stm32f4xx_hal_rcc.o(i.HAL_RCC_GetPCLK2Freq)
    HAL_RCC_GetSysClockFreq                  0x08001a65   Thumb Code    88  stm32f4xx_hal_rcc.o(i.HAL_RCC_GetSysClockFreq)
    HAL_RCC_OscConfig                        0x08001ac5   Thumb Code   856  stm32f4xx_hal_rcc.o(i.HAL_RCC_OscConfig)
    HAL_SYSTICK_Config                       0x08001e31   Thumb Code    40  stm32f4xx_hal_cortex.o(i.HAL_SYSTICK_Config)
    HAL_UARTEx_RxEventCallback               0x08001e59   Thumb Code     2  stm32f4xx_hal_uart.o(i.HAL_UARTEx_RxEventCallback)
    HAL_UART_ErrorCallback                   0x08001e5b   Thumb Code     2  stm32f4xx_hal_uart.o(i.HAL_UART_ErrorCallback)
    HAL_UART_IRQHandler                      0x08001e5d   Thumb Code   610  stm32f4xx_hal_uart.o(i.HAL_UART_IRQHandler)
    HAL_UART_Init                            0x080020c5   Thumb Code    98  stm32f4xx_hal_uart.o(i.HAL_UART_Init)
    HAL_UART_MspInit                         0x08002129   Thumb Code   258  usart.o(i.HAL_UART_MspInit)
    HAL_UART_Receive_IT                      0x08002245   Thumb Code    42  stm32f4xx_hal_uart.o(i.HAL_UART_Receive_IT)
    HAL_UART_RxCpltCallback                  0x08002271   Thumb Code   274  main.o(i.HAL_UART_RxCpltCallback)
    HAL_UART_Transmit                        0x080023a9   Thumb Code   178  stm32f4xx_hal_uart.o(i.HAL_UART_Transmit)
    HAL_UART_TxCpltCallback                  0x0800245b   Thumb Code     2  stm32f4xx_hal_uart.o(i.HAL_UART_TxCpltCallback)
    LED_SET                                  0x0800245d   Thumb Code    50  led.o(i.LED_SET)
    Led_Toggle                               0x08002499   Thumb Code    48  led.o(i.Led_Toggle)
    MX_ADC1_Init                             0x080024d1   Thumb Code    88  adc.o(i.MX_ADC1_Init)
    MX_ADC2_Init                             0x08002535   Thumb Code    88  adc.o(i.MX_ADC2_Init)
    MX_ADC3_Init                             0x08002599   Thumb Code    88  adc.o(i.MX_ADC3_Init)
    MX_DMA_Init                              0x080025fd   Thumb Code    40  dma.o(i.MX_DMA_Init)
    MX_GPIO_Init                             0x08002629   Thumb Code   220  gpio.o(i.MX_GPIO_Init)
    MX_RT_Thread_Init                        0x08002715   Thumb Code   110  main.o(i.MX_RT_Thread_Init)
    MX_USART1_UART_Init                      0x080027b9   Thumb Code    48  usart.o(i.MX_USART1_UART_Init)
    MX_USART2_UART_Init                      0x080027f1   Thumb Code    48  usart.o(i.MX_USART2_UART_Init)
    MX_USART3_UART_Init                      0x08002829   Thumb Code    48  usart.o(i.MX_USART3_UART_Init)
    MemManage_Handler                        0x08002861   Thumb Code     2  stm32f4xx_it.o(i.MemManage_Handler)
    NMI_Handler                              0x08002863   Thumb Code     2  stm32f4xx_it.o(i.NMI_Handler)
    SysTick_Handler                          0x08002865   Thumb Code    18  board.o(i.SysTick_Handler)
    SystemClock_Config                       0x08002879   Thumb Code   126  main.o(i.SystemClock_Config)
    SystemCoreClockUpdate                    0x08002901   Thumb Code   104  system_stm32f4xx.o(i.SystemCoreClockUpdate)
    SystemInit                               0x08002979   Thumb Code    12  system_stm32f4xx.o(i.SystemInit)
    UART_Start_Receive_IT                    0x08002bb5   Thumb Code    54  stm32f4xx_hal_uart.o(i.UART_Start_Receive_IT)
    USART1_IRQHandler                        0x08002c65   Thumb Code     6  stm32f4xx_it.o(i.USART1_IRQHandler)
    USART2_IRQHandler                        0x08002c71   Thumb Code     6  stm32f4xx_it.o(i.USART2_IRQHandler)
    USART3_IRQHandler                        0x08002c7d   Thumb Code     6  stm32f4xx_it.o(i.USART3_IRQHandler)
    UsageFault_Handler                       0x08002c89   Thumb Code     2  stm32f4xx_it.o(i.UsageFault_Handler)
    WIFI_Init                                0x08002c8d   Thumb Code   288  wife.o(i.WIFI_Init)
    WIFI_SendHumData                         0x08002e95   Thumb Code    90  wife.o(i.WIFI_SendHumData)
    WIFI_SendTempData                        0x08002f85   Thumb Code    90  wife.o(i.WIFI_SendTempData)
    __0printf                                0x08003075   Thumb Code    22  printfa.o(i.__0printf)
    __1printf                                0x08003075   Thumb Code     0  printfa.o(i.__0printf)
    __2printf                                0x08003075   Thumb Code     0  printfa.o(i.__0printf)
    __c89printf                              0x08003075   Thumb Code     0  printfa.o(i.__0printf)
    printf                                   0x08003075   Thumb Code     0  printfa.o(i.__0printf)
    __rt_ffs                                 0x080030b5   Thumb Code    66  kservice.o(i.__rt_ffs)
    __scatterload_copy                       0x080030fd   Thumb Code    14  handlers.o(i.__scatterload_copy)
    __scatterload_null                       0x0800310b   Thumb Code     2  handlers.o(i.__scatterload_null)
    __scatterload_zeroinit                   0x0800310d   Thumb Code    14  handlers.o(i.__scatterload_zeroinit)
    cmd_free                                 0x08003bf1   Thumb Code    10  msh.o(i.cmd_free)
    cmd_ps                                   0x08003bfb   Thumb Code    10  msh.o(i.cmd_ps)
    finsh_get_prompt                         0x08003c05   Thumb Code    84  shell.o(i.finsh_get_prompt)
    finsh_set_prompt_mode                    0x08003c79   Thumb Code    18  shell.o(i.finsh_set_prompt_mode)
    finsh_system_function_init               0x08003c91   Thumb Code     8  shell.o(i.finsh_system_function_init)
    finsh_system_init                        0x08003c9d   Thumb Code    96  shell.o(i.finsh_system_init)
    finsh_thread_entry                       0x08003d35   Thumb Code   640  shell.o(i.finsh_thread_entry)
    fire_task_entry                          0x08003fd5   Thumb Code    82  main.o(i.fire_task_entry)
    fputc                                    0x08004039   Thumb Code    32  usart.o(i.fputc)
    hello                                    0x080040e1   Thumb Code    12  cmd.o(i.hello)
    light_task_entry                         0x08004101   Thumb Code    90  main.o(i.light_task_entry)
    list                                     0x08004171   Thumb Code    54  cmd.o(i.list)
    list_mem                                 0x08004275   Thumb Code    32  mem.o(i.list_mem)
    list_sem                                 0x080042e1   Thumb Code   246  cmd.o(i.list_sem)
    list_thread                              0x0800443d   Thumb Code   288  cmd.o(i.list_thread)
    list_timer                               0x0800461d   Thumb Code   184  cmd.o(i.list_timer)
    $Super$$main                             0x08004779   Thumb Code   274  main.o(i.main)
    main_thread_entry                        0x080048b9   Thumb Code    14  components.o(i.main_thread_entry)
    msh_auto_complete                        0x080049ad   Thumb Code   148  msh.o(i.msh_auto_complete)
    msh_exec                                 0x08004a55   Thumb Code    76  msh.o(i.msh_exec)
    msh_help                                 0x08004b15   Thumb Code    62  msh.o(i.msh_help)
    msh_is_used                              0x08004b91   Thumb Code     4  msh.o(i.msh_is_used)
    rt_application_init                      0x08004e45   Thumb Code    36  components.o(i.rt_application_init)
    rt_calloc                                0x08004e75   Thumb Code    28  mem.o(i.rt_calloc)
    rt_components_board_init                 0x08004e91   Thumb Code    22  components.o(i.rt_components_board_init)
    rt_components_init                       0x08004eb1   Thumb Code    22  components.o(i.rt_components_init)
    rt_enter_critical                        0x08004ed1   Thumb Code    22  scheduler.o(i.rt_enter_critical)
    rt_exit_critical                         0x08004eed   Thumb Code    52  scheduler.o(i.rt_exit_critical)
    rt_free                                  0x08004f25   Thumb Code   114  mem.o(i.rt_free)
    rt_heap_begin_get                        0x08004fed   Thumb Code     4  board.o(i.rt_heap_begin_get)
    rt_heap_end_get                          0x08004ff5   Thumb Code     4  board.o(i.rt_heap_end_get)
    rt_hw_board_init                         0x08004ffd   Thumb Code    58  board.o(i.rt_hw_board_init)
    rt_hw_console_getchar                    0x08005039   Thumb Code    34  board.o(i.rt_hw_console_getchar)
    rt_hw_console_output                     0x08005061   Thumb Code    68  board.o(i.rt_hw_console_output)
    rt_hw_hard_fault_exception               0x080050a9   Thumb Code   206  cpuport.o(i.rt_hw_hard_fault_exception)
    rt_hw_stack_init                         0x080052c9   Thumb Code    62  cpuport.o(i.rt_hw_stack_init)
    rt_interrupt_enter                       0x0800530d   Thumb Code    22  irq.o(i.rt_interrupt_enter)
    rt_interrupt_leave                       0x08005329   Thumb Code    22  irq.o(i.rt_interrupt_leave)
    rt_kprintf                               0x08005345   Thumb Code    30  kservice.o(i.rt_kprintf)
    rt_malloc                                0x08005369   Thumb Code   264  mem.o(i.rt_malloc)
    rt_memmove                               0x08005479   Thumb Code    54  kservice.o(i.rt_memmove)
    rt_memset                                0x080054af   Thumb Code    86  kservice.o(i.rt_memset)
    rt_object_allocate                       0x08005505   Thumb Code    90  object.o(i.rt_object_allocate)
    rt_object_delete                         0x0800555f   Thumb Code    46  object.o(i.rt_object_delete)
    rt_object_detach                         0x0800558d   Thumb Code    44  object.o(i.rt_object_detach)
    rt_object_get_information                0x080055b9   Thumb Code    30  object.o(i.rt_object_get_information)
    rt_object_init                           0x080055dd   Thumb Code    90  object.o(i.rt_object_init)
    rt_object_is_systemobject                0x08005637   Thumb Code    16  object.o(i.rt_object_is_systemobject)
    rt_schedule                              0x08005649   Thumb Code    88  scheduler.o(i.rt_schedule)
    rt_schedule_insert_thread                0x080056ad   Thumb Code    72  scheduler.o(i.rt_schedule_insert_thread)
    rt_schedule_remove_thread                0x080056fd   Thumb Code    76  scheduler.o(i.rt_schedule_remove_thread)
    rt_sem_init                              0x08005751   Thumb Code    34  ipc.o(i.rt_sem_init)
    rt_sem_release                           0x08005773   Thumb Code    88  ipc.o(i.rt_sem_release)
    rt_sem_take                              0x080057cb   Thumb Code   214  ipc.o(i.rt_sem_take)
    rt_show_version                          0x080058a1   Thumb Code    40  kservice.o(i.rt_show_version)
    rt_strlen                                0x08005951   Thumb Code    16  kservice.o(i.rt_strlen)
    rt_strncpy                               0x08005961   Thumb Code    42  kservice.o(i.rt_strncpy)
    rt_system_heap_init                      0x0800598d   Thumb Code   100  mem.o(i.rt_system_heap_init)
    rt_system_scheduler_init                 0x08005a3d   Thumb Code    48  scheduler.o(i.rt_system_scheduler_init)
    rt_system_scheduler_start                0x08005a79   Thumb Code    32  scheduler.o(i.rt_system_scheduler_start)
    rt_system_timer_init                     0x08005aa1   Thumb Code    20  timer.o(i.rt_system_timer_init)
    rt_system_timer_thread_init              0x08005ab9   Thumb Code     2  timer.o(i.rt_system_timer_thread_init)
    rt_thread_create                         0x08005abb   Thumb Code    90  thread.o(i.rt_thread_create)
    rt_thread_exit                           0x08005b15   Thumb Code    88  thread.o(i.rt_thread_exit)
    rt_thread_idle_excute                    0x08005b7d   Thumb Code    80  idle.o(i.rt_thread_idle_excute)
    rt_thread_idle_init                      0x08005bd1   Thumb Code    44  idle.o(i.rt_thread_idle_init)
    rt_thread_init                           0x08005c11   Thumb Code    50  thread.o(i.rt_thread_init)
    rt_thread_mdelay                         0x08005c43   Thumb Code    14  thread.o(i.rt_thread_mdelay)
    rt_thread_resume                         0x08005c51   Thumb Code    72  thread.o(i.rt_thread_resume)
    rt_thread_self                           0x08005c99   Thumb Code     6  thread.o(i.rt_thread_self)
    rt_thread_sleep                          0x08005ca5   Thumb Code    64  thread.o(i.rt_thread_sleep)
    rt_thread_startup                        0x08005ce9   Thumb Code    42  thread.o(i.rt_thread_startup)
    rt_thread_suspend                        0x08005d13   Thumb Code    68  thread.o(i.rt_thread_suspend)
    rt_thread_timeout                        0x08005d57   Thumb Code    40  thread.o(i.rt_thread_timeout)
    rt_thread_yield                          0x08005d81   Thumb Code    98  thread.o(i.rt_thread_yield)
    rt_tick_from_millisecond                 0x08005ded   Thumb Code    50  clock.o(i.rt_tick_from_millisecond)
    rt_tick_get                              0x08005e21   Thumb Code     6  clock.o(i.rt_tick_get)
    rt_tick_increase                         0x08005e2d   Thumb Code    38  clock.o(i.rt_tick_increase)
    rt_timer_check                           0x08005e59   Thumb Code   240  timer.o(i.rt_timer_check)
    rt_timer_control                         0x08005f4d   Thumb Code    84  timer.o(i.rt_timer_control)
    rt_timer_detach                          0x08005fa1   Thumb Code    70  timer.o(i.rt_timer_detach)
    rt_timer_init                            0x08005fe7   Thumb Code    42  timer.o(i.rt_timer_init)
    rt_timer_start                           0x08006011   Thumb Code   198  timer.o(i.rt_timer_start)
    rt_timer_stop                            0x080060e1   Thumb Code    82  timer.o(i.rt_timer_stop)
    rt_vsnprintf                             0x08006135   Thumb Code   802  kservice.o(i.rt_vsnprintf)
    rtthread_startup                         0x08006471   Thumb Code    42  components.o(i.rtthread_startup)
    smoke_task_entry                         0x08006505   Thumb Code    82  main.o(i.smoke_task_entry)
    version                                  0x08006699   Thumb Code    10  cmd.o(i.version)
    AHBPrescTable                            0x080066aa   Data          16  system_stm32f4xx.o(.constdata)
    APBPrescTable                            0x080066ba   Data           8  system_stm32f4xx.o(.constdata)
    __lowest_bit_bitmap                      0x080066c2   Data         256  kservice.o(.constdata)
    __fsym_list_mem_name                     0x08006828   Data           9  mem.o(.rodata.name)
    __fsym_list_mem_desc                     0x08006831   Data          30  mem.o(.rodata.name)
    __fsym_hello_name                        0x0800684f   Data           6  cmd.o(.rodata.name)
    __fsym_hello_desc                        0x08006855   Data          16  cmd.o(.rodata.name)
    __fsym_version_name                      0x08006865   Data           8  cmd.o(.rodata.name)
    __fsym_version_desc                      0x0800686d   Data          35  cmd.o(.rodata.name)
    __fsym___cmd_version_name                0x08006890   Data          14  cmd.o(.rodata.name)
    __fsym___cmd_version_desc                0x0800689e   Data          35  cmd.o(.rodata.name)
    __fsym_list_thread_name                  0x080068c1   Data          12  cmd.o(.rodata.name)
    __fsym_list_thread_desc                  0x080068cd   Data          12  cmd.o(.rodata.name)
    __fsym___cmd_list_thread_name            0x080068d9   Data          18  cmd.o(.rodata.name)
    __fsym___cmd_list_thread_desc            0x080068eb   Data          12  cmd.o(.rodata.name)
    __fsym_list_sem_name                     0x080068f7   Data           9  cmd.o(.rodata.name)
    __fsym_list_sem_desc                     0x08006900   Data          25  cmd.o(.rodata.name)
    __fsym___cmd_list_sem_name               0x08006919   Data          15  cmd.o(.rodata.name)
    __fsym___cmd_list_sem_desc               0x08006928   Data          25  cmd.o(.rodata.name)
    __fsym_list_timer_name                   0x08006941   Data          11  cmd.o(.rodata.name)
    __fsym_list_timer_desc                   0x0800694c   Data          21  cmd.o(.rodata.name)
    __fsym___cmd_list_timer_name             0x08006961   Data          17  cmd.o(.rodata.name)
    __fsym___cmd_list_timer_desc             0x08006972   Data          21  cmd.o(.rodata.name)
    __fsym_list_name                         0x08006987   Data           5  cmd.o(.rodata.name)
    __fsym_list_desc                         0x0800698c   Data          26  cmd.o(.rodata.name)
    __fsym___cmd_help_name                   0x080069a6   Data          11  msh.o(.rodata.name)
    __fsym___cmd_help_desc                   0x080069b1   Data          22  msh.o(.rodata.name)
    __fsym___cmd_ps_name                     0x080069c7   Data           9  msh.o(.rodata.name)
    __fsym___cmd_ps_desc                     0x080069d0   Data          28  msh.o(.rodata.name)
    __fsym___cmd_free_name                   0x080069ec   Data          11  msh.o(.rodata.name)
    __fsym___cmd_free_desc                   0x080069f7   Data          37  msh.o(.rodata.name)
    __rt_init_rti_start                      0x08006a1c   Data           4  components.o(.rti_fn.0)
    __rt_init_rti_board_start                0x08006a20   Data           4  components.o(.rti_fn.0.end)
    __rt_init_uart_init                      0x08006a24   Data           4  board.o(.rti_fn.1)
    __rt_init_rti_board_end                  0x08006a28   Data           4  components.o(.rti_fn.1.end)
    __rt_init_finsh_system_init              0x08006a2c   Data           4  shell.o(.rti_fn.6)
    __rt_init_rti_end                        0x08006a30   Data           4  components.o(.rti_fn.6.end)
    FSymTab$$Base                            0x08006a34   Number         0  mem.o(FSymTab)
    __fsym_list_mem                          0x08006a34   Data          12  mem.o(FSymTab)
    __fsym_hello                             0x08006a40   Data          12  cmd.o(FSymTab)
    __fsym_version                           0x08006a4c   Data          12  cmd.o(FSymTab)
    __fsym___cmd_version                     0x08006a58   Data          12  cmd.o(FSymTab)
    __fsym_list_thread                       0x08006a64   Data          12  cmd.o(FSymTab)
    __fsym___cmd_list_thread                 0x08006a70   Data          12  cmd.o(FSymTab)
    __fsym_list_sem                          0x08006a7c   Data          12  cmd.o(FSymTab)
    __fsym___cmd_list_sem                    0x08006a88   Data          12  cmd.o(FSymTab)
    __fsym_list_timer                        0x08006a94   Data          12  cmd.o(FSymTab)
    __fsym___cmd_list_timer                  0x08006aa0   Data          12  cmd.o(FSymTab)
    __fsym_list                              0x08006aac   Data          12  cmd.o(FSymTab)
    __fsym___cmd_help                        0x08006ab8   Data          12  msh.o(FSymTab)
    __fsym___cmd_ps                          0x08006ac4   Data          12  msh.o(FSymTab)
    __fsym___cmd_free                        0x08006ad0   Data          12  msh.o(FSymTab)
    FSymTab$$Limit                           0x08006adc   Number         0  msh.o(FSymTab)
    Region$$Table$$Base                      0x08006adc   Number         0  anon$$obj.o(Region$$Table)
    Region$$Table$$Limit                     0x08006afc   Number         0  anon$$obj.o(Region$$Table)
    c                                        0x20000000   Data           1  main.o(.data)
    length1                                  0x20000002   Data           2  main.o(.data)
    length2                                  0x20000004   Data           2  main.o(.data)
    SendDataFlag                             0x20000008   Data           4  main.o(.data)
    uwTickFreq                               0x2000000c   Data           1  stm32f4xx_hal.o(.data)
    uwTickPrio                               0x20000010   Data           4  stm32f4xx_hal.o(.data)
    uwTick                                   0x20000014   Data           4  stm32f4xx_hal.o(.data)
    SystemCoreClock                          0x20000018   Data           4  system_stm32f4xx.o(.data)
    FireFlag                                 0x2000001c   Data           4  fire.o(.data)
    SmokeFlog                                0x20000020   Data           4  smoke.o(.data)
    Smoke_Sensor_Value                       0x20000028   Data           8  smoke.o(.data)
    LightFlag                                0x20000030   Data           4  light.o(.data)
    Light_Sensor_Value                       0x20000038   Data           8  light.o(.data)
    length3                                  0x20000040   Data           2  wife.o(.data)
    rt_interrupt_nest                        0x20000048   Data           1  irq.o(.data)
    rt_current_priority                      0x20000094   Data           1  scheduler.o(.data)
    rt_current_thread                        0x20000098   Data           4  scheduler.o(.data)
    rt_thread_ready_priority_group           0x2000009c   Data           4  scheduler.o(.data)
    rt_thread_defunct                        0x200000a0   Data           8  scheduler.o(.data)
    rt_interrupt_from_thread                 0x200000b8   Data           4  cpuport.o(.data)
    rt_interrupt_to_thread                   0x200000bc   Data           4  cpuport.o(.data)
    rt_thread_switch_interrupt_flag          0x200000c0   Data           4  cpuport.o(.data)
    _syscall_table_begin                     0x200000c4   Data           4  shell.o(.data)
    _syscall_table_end                       0x200000c8   Data           4  shell.o(.data)
    _sysvar_table_begin                      0x200000cc   Data           4  shell.o(.data)
    _sysvar_table_end                        0x200000d0   Data           4  shell.o(.data)
    shell                                    0x200000d8   Data           4  shell.o(.data)
    __stdout                                 0x200000dc   Data           4  stdout.o(.data)
    com1                                     0x200000e0   Data         100  main.o(.bss)
    com2                                     0x20000144   Data         100  main.o(.bss)
    t                                        0x200001a8   Data          10  main.o(.bss)
    h                                        0x200001b2   Data          10  main.o(.bss)
    smoke_thread                             0x200001bc   Data         120  main.o(.bss)
    fire_thread                              0x20000234   Data         120  main.o(.bss)
    light_thread                             0x200002ac   Data         120  main.o(.bss)
    rt_smoke_thread_stack                    0x20000324   Data         512  main.o(.bss)
    rt_fire_thread_stack                     0x20000524   Data         512  main.o(.bss)
    rt_light_thread_stack                    0x20000724   Data         512  main.o(.bss)
    hadc1                                    0x20000924   Data          72  adc.o(.bss)
    hadc2                                    0x2000096c   Data          72  adc.o(.bss)
    hadc3                                    0x200009b4   Data          72  adc.o(.bss)
    hdma_adc3                                0x200009fc   Data          96  adc.o(.bss)
    huart1                                   0x20000a5c   Data          68  usart.o(.bss)
    huart2                                   0x20000aa0   Data          68  usart.o(.bss)
    huart3                                   0x20000ae4   Data          68  usart.o(.bss)
    buf                                      0x20000b28   Data         100  wife.o(.bss)
    com3                                     0x20000b8c   Data         100  wife.o(.bss)
    rt_thread_priority_table                 0x20000e08   Data         256  scheduler.o(.bss)
    __initial_sp                             0x20004fd0   Data           0  startup_stm32f407xx.o(STACK)



==============================================================================

Memory Map of the image

  Image Entry point : 0x08000189

  Load Region LR_IROM1 (Base: 0x08000000, Size: 0x00006bdc, Max: 0x00080000, ABSOLUTE)

    Execution Region ER_IROM1 (Exec base: 0x08000000, Load base: 0x08000000, Size: 0x00006afc, Max: 0x00080000, ABSOLUTE)

    Exec Addr    Load Addr    Size         Type   Attr      Idx    E Section Name        Object

    0x08000000   0x08000000   0x00000188   Data   RO            3    RESET               startup_stm32f407xx.o
    0x08000188   0x08000188   0x00000000   Code   RO         3837  * .ARM.Collect$$$$00000000  mc_w.l(entry.o)
    0x08000188   0x08000188   0x00000004   Code   RO         4129    .ARM.Collect$$$$00000001  mc_w.l(entry2.o)
    0x0800018c   0x0800018c   0x00000004   Code   RO         4132    .ARM.Collect$$$$00000004  mc_w.l(entry5.o)
    0x08000190   0x08000190   0x00000000   Code   RO         4134    .ARM.Collect$$$$00000008  mc_w.l(entry7b.o)
    0x08000190   0x08000190   0x00000000   Code   RO         4136    .ARM.Collect$$$$0000000A  mc_w.l(entry8b.o)
    0x08000190   0x08000190   0x00000008   Code   RO         4137    .ARM.Collect$$$$0000000B  mc_w.l(entry9a.o)
    0x08000198   0x08000198   0x00000000   Code   RO         4139    .ARM.Collect$$$$0000000D  mc_w.l(entry10a.o)
    0x08000198   0x08000198   0x00000000   Code   RO         4141    .ARM.Collect$$$$0000000F  mc_w.l(entry11a.o)
    0x08000198   0x08000198   0x00000004   Code   RO         4130    .ARM.Collect$$$$00002712  mc_w.l(entry2.o)
    0x0800019c   0x0800019c   0x00000024   Code   RO            4    .text               startup_stm32f407xx.o
    0x080001c0   0x080001c0   0x00000134   Code   RO         2594    .text               context_rvds.o
    0x080002f4   0x080002f4   0x00000062   Code   RO         3840    .text               mc_w.l(uldiv.o)
    0x08000356   0x08000356   0x00000024   Code   RO         3842    .text               mc_w.l(memcpya.o)
    0x0800037a   0x0800037a   0x00000024   Code   RO         3844    .text               mc_w.l(memseta.o)
    0x0800039e   0x0800039e   0x00000018   Code   RO         3846    .text               mc_w.l(strcat.o)
    0x080003b6   0x080003b6   0x00000018   Code   RO         3848    .text               mc_w.l(strncpy.o)
    0x080003ce   0x080003ce   0x0000000e   Code   RO         3850    .text               mc_w.l(strlen.o)
    0x080003dc   0x080003dc   0x0000001e   Code   RO         3854    .text               mc_w.l(strncmp.o)
    0x080003fa   0x080003fa   0x0000014e   Code   RO         4119    .text               mf_w.l(dadd.o)
    0x08000548   0x08000548   0x000000de   Code   RO         4121    .text               mf_w.l(ddiv.o)
    0x08000626   0x08000626   0x0000001a   Code   RO         4123    .text               mf_w.l(dfltui.o)
    0x08000640   0x08000640   0x00000030   Code   RO         4125    .text               mf_w.l(cdcmple.o)
    0x08000670   0x08000670   0x00000030   Code   RO         4127    .text               mf_w.l(cdrcmple.o)
    0x080006a0   0x080006a0   0x0000002c   Code   RO         4144    .text               mc_w.l(uidiv.o)
    0x080006cc   0x080006cc   0x0000001e   Code   RO         4146    .text               mc_w.l(llshl.o)
    0x080006ea   0x080006ea   0x00000020   Code   RO         4148    .text               mc_w.l(llushr.o)
    0x0800070a   0x0800070a   0x00000024   Code   RO         4150    .text               mc_w.l(llsshr.o)
    0x0800072e   0x0800072e   0x00000000   Code   RO         4152    .text               mc_w.l(iusefp.o)
    0x0800072e   0x0800072e   0x000000ba   Code   RO         4153    .text               mf_w.l(depilogue.o)
    0x080007e8   0x080007e8   0x000000e4   Code   RO         4155    .text               mf_w.l(dmul.o)
    0x080008cc   0x080008cc   0x00000030   Code   RO         4157    .text               mf_w.l(dfixul.o)
    0x080008fc   0x080008fc   0x00000024   Code   RO         4159    .text               mc_w.l(init.o)
    0x08000920   0x08000920   0x0000000a   Code   RO         2639    i.$Sub$$main        components.o
    0x0800092a   0x0800092a   0x00000002   PAD
    0x0800092c   0x0800092c   0x00000024   Code   RO          418    i.ADC_IRQHandler    stm32f4xx_it.o
    0x08000950   0x08000950   0x00000128   Code   RO          524    i.ADC_Init          stm32f4xx_hal_adc.o
    0x08000a78   0x08000a78   0x00000002   Code   RO          419    i.BusFault_Handler  stm32f4xx_it.o
    0x08000a7a   0x08000a7a   0x00000002   PAD
    0x08000a7c   0x08000a7c   0x0000000c   Code   RO          420    i.DMA2_Stream0_IRQHandler  stm32f4xx_it.o
    0x08000a88   0x08000a88   0x00000028   Code   RO         1258    i.DMA_CalcBaseAndBitshift  stm32f4xx_hal_dma.o
    0x08000ab0   0x08000ab0   0x00000054   Code   RO         1259    i.DMA_CheckFifoParam  stm32f4xx_hal_dma.o
    0x08000b04   0x08000b04   0x00000002   Code   RO          421    i.DebugMon_Handler  stm32f4xx_it.o
    0x08000b06   0x08000b06   0x00000002   PAD
    0x08000b08   0x08000b08   0x00000064   Code   RO         2448    i.Detect_Fire       fire.o
    0x08000b6c   0x08000b6c   0x000000c8   Code   RO         2523    i.Detect_Light      light.o
    0x08000c34   0x08000c34   0x00000094   Code   RO         2485    i.Detect_Smoke      smoke.o
    0x08000cc8   0x08000cc8   0x00000002   Code   RO           13    i.Error_Handler     main.o
    0x08000cca   0x08000cca   0x00000002   Code   RO          695    i.HAL_ADCEx_InjectedConvCpltCallback  stm32f4xx_hal_adc_ex.o
    0x08000ccc   0x08000ccc   0x0000014c   Code   RO          526    i.HAL_ADC_ConfigChannel  stm32f4xx_hal_adc.o
    0x08000e18   0x08000e18   0x00000002   Code   RO          527    i.HAL_ADC_ConvCpltCallback  stm32f4xx_hal_adc.o
    0x08000e1a   0x08000e1a   0x00000002   Code   RO          530    i.HAL_ADC_ErrorCallback  stm32f4xx_hal_adc.o
    0x08000e1c   0x08000e1c   0x00000004   Code   RO          532    i.HAL_ADC_GetState  stm32f4xx_hal_adc.o
    0x08000e20   0x08000e20   0x00000006   Code   RO          533    i.HAL_ADC_GetValue  stm32f4xx_hal_adc.o
    0x08000e26   0x08000e26   0x0000013c   Code   RO          534    i.HAL_ADC_IRQHandler  stm32f4xx_hal_adc.o
    0x08000f62   0x08000f62   0x00000054   Code   RO          535    i.HAL_ADC_Init      stm32f4xx_hal_adc.o
    0x08000fb6   0x08000fb6   0x00000002   Code   RO          536    i.HAL_ADC_LevelOutOfWindowCallback  stm32f4xx_hal_adc.o
    0x08000fb8   0x08000fb8   0x00000114   Code   RO          277    i.HAL_ADC_MspInit   adc.o
    0x080010cc   0x080010cc   0x000000aa   Code   RO          539    i.HAL_ADC_PollForConversion  stm32f4xx_hal_adc.o
    0x08001176   0x08001176   0x00000002   PAD
    0x08001178   0x08001178   0x000000fc   Code   RO          541    i.HAL_ADC_Start     stm32f4xx_hal_adc.o
    0x08001274   0x08001274   0x00000092   Code   RO         1261    i.HAL_DMA_Abort     stm32f4xx_hal_dma.o
    0x08001306   0x08001306   0x00000024   Code   RO         1262    i.HAL_DMA_Abort_IT  stm32f4xx_hal_dma.o
    0x0800132a   0x0800132a   0x00000002   PAD
    0x0800132c   0x0800132c   0x000001a0   Code   RO         1266    i.HAL_DMA_IRQHandler  stm32f4xx_hal_dma.o
    0x080014cc   0x080014cc   0x000000d4   Code   RO         1267    i.HAL_DMA_Init      stm32f4xx_hal_dma.o
    0x080015a0   0x080015a0   0x000001f0   Code   RO         1154    i.HAL_GPIO_Init     stm32f4xx_hal_gpio.o
    0x08001790   0x08001790   0x0000000a   Code   RO         1156    i.HAL_GPIO_ReadPin  stm32f4xx_hal_gpio.o
    0x0800179a   0x0800179a   0x00000010   Code   RO         1157    i.HAL_GPIO_TogglePin  stm32f4xx_hal_gpio.o
    0x080017aa   0x080017aa   0x0000000a   Code   RO         1158    i.HAL_GPIO_WritePin  stm32f4xx_hal_gpio.o
    0x080017b4   0x080017b4   0x0000000c   Code   RO         1686    i.HAL_GetTick       stm32f4xx_hal.o
    0x080017c0   0x080017c0   0x00000034   Code   RO         1693    i.HAL_Init          stm32f4xx_hal.o
    0x080017f4   0x080017f4   0x00000040   Code   RO         1694    i.HAL_InitTick      stm32f4xx_hal.o
    0x08001834   0x08001834   0x00000030   Code   RO          497    i.HAL_MspInit       stm32f4xx_hal_msp.o
    0x08001864   0x08001864   0x0000001a   Code   RO         1543    i.HAL_NVIC_EnableIRQ  stm32f4xx_hal_cortex.o
    0x0800187e   0x0800187e   0x00000002   PAD
    0x08001880   0x08001880   0x00000040   Code   RO         1549    i.HAL_NVIC_SetPriority  stm32f4xx_hal_cortex.o
    0x080018c0   0x080018c0   0x00000024   Code   RO         1550    i.HAL_NVIC_SetPriorityGrouping  stm32f4xx_hal_cortex.o
    0x080018e4   0x080018e4   0x00000134   Code   RO          800    i.HAL_RCC_ClockConfig  stm32f4xx_hal_rcc.o
    0x08001a18   0x08001a18   0x0000000c   Code   RO          805    i.HAL_RCC_GetHCLKFreq  stm32f4xx_hal_rcc.o
    0x08001a24   0x08001a24   0x00000020   Code   RO          807    i.HAL_RCC_GetPCLK1Freq  stm32f4xx_hal_rcc.o
    0x08001a44   0x08001a44   0x00000020   Code   RO          808    i.HAL_RCC_GetPCLK2Freq  stm32f4xx_hal_rcc.o
    0x08001a64   0x08001a64   0x00000060   Code   RO          809    i.HAL_RCC_GetSysClockFreq  stm32f4xx_hal_rcc.o
    0x08001ac4   0x08001ac4   0x0000036c   Code   RO          812    i.HAL_RCC_OscConfig  stm32f4xx_hal_rcc.o
    0x08001e30   0x08001e30   0x00000028   Code   RO         1554    i.HAL_SYSTICK_Config  stm32f4xx_hal_cortex.o
    0x08001e58   0x08001e58   0x00000002   Code   RO         1978    i.HAL_UARTEx_RxEventCallback  stm32f4xx_hal_uart.o
    0x08001e5a   0x08001e5a   0x00000002   Code   RO         1992    i.HAL_UART_ErrorCallback  stm32f4xx_hal_uart.o
    0x08001e5c   0x08001e5c   0x00000268   Code   RO         1995    i.HAL_UART_IRQHandler  stm32f4xx_hal_uart.o
    0x080020c4   0x080020c4   0x00000062   Code   RO         1996    i.HAL_UART_Init     stm32f4xx_hal_uart.o
    0x08002126   0x08002126   0x00000002   PAD
    0x08002128   0x08002128   0x0000011c   Code   RO          355    i.HAL_UART_MspInit  usart.o
    0x08002244   0x08002244   0x0000002a   Code   RO         2001    i.HAL_UART_Receive_IT  stm32f4xx_hal_uart.o
    0x0800226e   0x0800226e   0x00000002   PAD
    0x08002270   0x08002270   0x00000138   Code   RO           14    i.HAL_UART_RxCpltCallback  main.o
    0x080023a8   0x080023a8   0x000000b2   Code   RO         2004    i.HAL_UART_Transmit  stm32f4xx_hal_uart.o
    0x0800245a   0x0800245a   0x00000002   Code   RO         2007    i.HAL_UART_TxCpltCallback  stm32f4xx_hal_uart.o
    0x0800245c   0x0800245c   0x0000003c   Code   RO         2364    i.LED_SET           led.o
    0x08002498   0x08002498   0x00000038   Code   RO         2370    i.Led_Toggle        led.o
    0x080024d0   0x080024d0   0x00000064   Code   RO          278    i.MX_ADC1_Init      adc.o
    0x08002534   0x08002534   0x00000064   Code   RO          279    i.MX_ADC2_Init      adc.o
    0x08002598   0x08002598   0x00000064   Code   RO          280    i.MX_ADC3_Init      adc.o
    0x080025fc   0x080025fc   0x0000002c   Code   RO          330    i.MX_DMA_Init       dma.o
    0x08002628   0x08002628   0x000000ec   Code   RO          252    i.MX_GPIO_Init      gpio.o
    0x08002714   0x08002714   0x000000a4   Code   RO           15    i.MX_RT_Thread_Init  main.o
    0x080027b8   0x080027b8   0x00000038   Code   RO          356    i.MX_USART1_UART_Init  usart.o
    0x080027f0   0x080027f0   0x00000038   Code   RO          357    i.MX_USART2_UART_Init  usart.o
    0x08002828   0x08002828   0x00000038   Code   RO          358    i.MX_USART3_UART_Init  usart.o
    0x08002860   0x08002860   0x00000002   Code   RO          422    i.MemManage_Handler  stm32f4xx_it.o
    0x08002862   0x08002862   0x00000002   Code   RO          423    i.NMI_Handler       stm32f4xx_it.o
    0x08002864   0x08002864   0x00000012   Code   RO         3508    i.SysTick_Handler   board.o
    0x08002876   0x08002876   0x00000002   PAD
    0x08002878   0x08002878   0x00000088   Code   RO           16    i.SystemClock_Config  main.o
    0x08002900   0x08002900   0x00000078   Code   RO         2324    i.SystemCoreClockUpdate  system_stm32f4xx.o
    0x08002978   0x08002978   0x00000010   Code   RO         2325    i.SystemInit        system_stm32f4xx.o
    0x08002988   0x08002988   0x00000010   Code   RO         2009    i.UART_DMAAbortOnError  stm32f4xx_hal_uart.o
    0x08002998   0x08002998   0x0000004e   Code   RO         2019    i.UART_EndRxTransfer  stm32f4xx_hal_uart.o
    0x080029e6   0x080029e6   0x000000c0   Code   RO         2021    i.UART_Receive_IT   stm32f4xx_hal_uart.o
    0x08002aa6   0x08002aa6   0x00000002   PAD
    0x08002aa8   0x08002aa8   0x0000010c   Code   RO         2022    i.UART_SetConfig    stm32f4xx_hal_uart.o
    0x08002bb4   0x08002bb4   0x00000036   Code   RO         2024    i.UART_Start_Receive_IT  stm32f4xx_hal_uart.o
    0x08002bea   0x08002bea   0x00000078   Code   RO         2025    i.UART_WaitOnFlagUntilTimeout  stm32f4xx_hal_uart.o
    0x08002c62   0x08002c62   0x00000002   PAD
    0x08002c64   0x08002c64   0x0000000c   Code   RO          424    i.USART1_IRQHandler  stm32f4xx_it.o
    0x08002c70   0x08002c70   0x0000000c   Code   RO          425    i.USART2_IRQHandler  stm32f4xx_it.o
    0x08002c7c   0x08002c7c   0x0000000c   Code   RO          426    i.USART3_IRQHandler  stm32f4xx_it.o
    0x08002c88   0x08002c88   0x00000002   Code   RO          427    i.UsageFault_Handler  stm32f4xx_it.o
    0x08002c8a   0x08002c8a   0x00000002   PAD
    0x08002c8c   0x08002c8c   0x00000208   Code   RO         2553    i.WIFI_Init         wife.o
    0x08002e94   0x08002e94   0x000000f0   Code   RO         2554    i.WIFI_SendHumData  wife.o
    0x08002f84   0x08002f84   0x000000f0   Code   RO         2555    i.WIFI_SendTempData  wife.o
    0x08003074   0x08003074   0x00000020   Code   RO         4091    i.__0printf         mc_w.l(printfa.o)
    0x08003094   0x08003094   0x00000020   Code   RO         1556    i.__NVIC_SetPriority  stm32f4xx_hal_cortex.o
    0x080030b4   0x080030b4   0x00000048   Code   RO         2832    i.__rt_ffs          kservice.o
    0x080030fc   0x080030fc   0x0000000e   Code   RO         4163    i.__scatterload_copy  mc_w.l(handlers.o)
    0x0800310a   0x0800310a   0x00000002   Code   RO         4164    i.__scatterload_null  mc_w.l(handlers.o)
    0x0800310c   0x0800310c   0x0000000e   Code   RO         4165    i.__scatterload_zeroinit  mc_w.l(handlers.o)
    0x0800311a   0x0800311a   0x00000002   PAD
    0x0800311c   0x0800311c   0x00000184   Code   RO         4098    i._fp_digits        mc_w.l(printfa.o)
    0x080032a0   0x080032a0   0x0000006c   Code   RO         3662    i._msh_exec_cmd     msh.o
    0x0800330c   0x0800330c   0x000006dc   Code   RO         4099    i._printf_core      mc_w.l(printfa.o)
    0x080039e8   0x080039e8   0x00000024   Code   RO         4100    i._printf_post_padding  mc_w.l(printfa.o)
    0x08003a0c   0x08003a0c   0x0000002e   Code   RO         4101    i._printf_pre_padding  mc_w.l(printfa.o)
    0x08003a3a   0x08003a3a   0x00000002   PAD
    0x08003a3c   0x08003a3c   0x0000007c   Code   RO         3234    i._rt_thread_init   thread.o
    0x08003ab8   0x08003ab8   0x00000028   Code   RO         3356    i._rt_timer_init    timer.o
    0x08003ae0   0x08003ae0   0x0000001c   Code   RO         3235    i._thread_cleanup_execute  thread.o
    0x08003afc   0x08003afc   0x000000f4   Code   RO         3443    i.bus_fault_track   cpuport.o
    0x08003bf0   0x08003bf0   0x0000000a   Code   RO         3663    i.cmd_free          msh.o
    0x08003bfa   0x08003bfa   0x0000000a   Code   RO         3664    i.cmd_ps            msh.o
    0x08003c04   0x08003c04   0x00000070   Code   RO         3740    i.finsh_get_prompt  shell.o
    0x08003c74   0x08003c74   0x00000004   Code   RO         3742    i.finsh_getchar     shell.o
    0x08003c78   0x08003c78   0x00000018   Code   RO         3745    i.finsh_set_prompt_mode  shell.o
    0x08003c90   0x08003c90   0x0000000c   Code   RO         3746    i.finsh_system_function_init  shell.o
    0x08003c9c   0x08003c9c   0x00000098   Code   RO         3747    i.finsh_system_init  shell.o
    0x08003d34   0x08003d34   0x000002a0   Code   RO         3749    i.finsh_thread_entry  shell.o
    0x08003fd4   0x08003fd4   0x00000064   Code   RO           17    i.fire_task_entry   main.o
    0x08004038   0x08004038   0x00000024   Code   RO          359    i.fputc             usart.o
    0x0800405c   0x0800405c   0x00000084   Code   RO         3444    i.hard_fault_track  cpuport.o
    0x080040e0   0x080040e0   0x00000020   Code   RO         3568    i.hello             cmd.o
    0x08004100   0x08004100   0x00000070   Code   RO           18    i.light_task_entry  main.o
    0x08004170   0x08004170   0x00000068   Code   RO         3569    i.list              cmd.o
    0x080041d8   0x080041d8   0x00000024   Code   RO         3570    i.list_find_init    cmd.o
    0x080041fc   0x080041fc   0x00000076   Code   RO         3571    i.list_get_next     cmd.o
    0x08004272   0x08004272   0x00000002   PAD
    0x08004274   0x08004274   0x0000006c   Code   RO         3004    i.list_mem          mem.o
    0x080042e0   0x080042e0   0x0000015c   Code   RO         3572    i.list_sem          cmd.o
    0x0800443c   0x0800443c   0x000001e0   Code   RO         3573    i.list_thread       cmd.o
    0x0800461c   0x0800461c   0x0000015c   Code   RO         3574    i.list_timer        cmd.o
    0x08004778   0x08004778   0x00000140   Code   RO           19    i.main              main.o
    0x080048b8   0x080048b8   0x0000000e   Code   RO         2640    i.main_thread_entry  components.o
    0x080048c6   0x080048c6   0x00000002   PAD
    0x080048c8   0x080048c8   0x000000e4   Code   RO         3445    i.mem_manage_fault_track  cpuport.o
    0x080049ac   0x080049ac   0x000000a8   Code   RO         3665    i.msh_auto_complete  msh.o
    0x08004a54   0x08004a54   0x00000064   Code   RO         3666    i.msh_exec          msh.o
    0x08004ab8   0x08004ab8   0x0000005c   Code   RO         3667    i.msh_get_cmd       msh.o
    0x08004b14   0x08004b14   0x0000007c   Code   RO         3668    i.msh_help          msh.o
    0x08004b90   0x08004b90   0x00000004   Code   RO         3669    i.msh_is_used       msh.o
    0x08004b94   0x08004b94   0x000000d8   Code   RO         3670    i.msh_split         msh.o
    0x08004c6c   0x08004c6c   0x00000068   Code   RO         3005    i.plug_holes        mem.o
    0x08004cd4   0x08004cd4   0x00000170   Code   RO         2834    i.print_number      kservice.o
    0x08004e44   0x08004e44   0x00000030   Code   RO         2641    i.rt_application_init  components.o
    0x08004e74   0x08004e74   0x0000001c   Code   RO         3006    i.rt_calloc         mem.o
    0x08004e90   0x08004e90   0x00000020   Code   RO         2642    i.rt_components_board_init  components.o
    0x08004eb0   0x08004eb0   0x00000020   Code   RO         2643    i.rt_components_init  components.o
    0x08004ed0   0x08004ed0   0x0000001c   Code   RO         3167    i.rt_enter_critical  scheduler.o
    0x08004eec   0x08004eec   0x00000038   Code   RO         3168    i.rt_exit_critical  scheduler.o
    0x08004f24   0x08004f24   0x000000c8   Code   RO         3007    i.rt_free           mem.o
    0x08004fec   0x08004fec   0x00000008   Code   RO         3509    i.rt_heap_begin_get  board.o
    0x08004ff4   0x08004ff4   0x00000008   Code   RO         3510    i.rt_heap_end_get   board.o
    0x08004ffc   0x08004ffc   0x0000003a   Code   RO         3511    i.rt_hw_board_init  board.o
    0x08005036   0x08005036   0x00000002   PAD
    0x08005038   0x08005038   0x00000028   Code   RO         3512    i.rt_hw_console_getchar  board.o
    0x08005060   0x08005060   0x00000048   Code   RO         3513    i.rt_hw_console_output  board.o
    0x080050a8   0x080050a8   0x00000220   Code   RO         3449    i.rt_hw_hard_fault_exception  cpuport.o
    0x080052c8   0x080052c8   0x00000044   Code   RO         3450    i.rt_hw_stack_init  cpuport.o
    0x0800530c   0x0800530c   0x0000001c   Code   RO         2805    i.rt_interrupt_enter  irq.o
    0x08005328   0x08005328   0x0000001c   Code   RO         2807    i.rt_interrupt_leave  irq.o
    0x08005344   0x08005344   0x00000024   Code   RO         2838    i.rt_kprintf        kservice.o
    0x08005368   0x08005368   0x00000110   Code   RO         3008    i.rt_malloc         mem.o
    0x08005478   0x08005478   0x00000036   Code   RO         2843    i.rt_memmove        kservice.o
    0x080054ae   0x080054ae   0x00000056   Code   RO         2844    i.rt_memset         kservice.o
    0x08005504   0x08005504   0x0000005a   Code   RO         3089    i.rt_object_allocate  object.o
    0x0800555e   0x0800555e   0x0000002e   Code   RO         3090    i.rt_object_delete  object.o
    0x0800558c   0x0800558c   0x0000002c   Code   RO         3091    i.rt_object_detach  object.o
    0x080055b8   0x080055b8   0x00000024   Code   RO         3093    i.rt_object_get_information  object.o
    0x080055dc   0x080055dc   0x0000005a   Code   RO         3097    i.rt_object_init    object.o
    0x08005636   0x08005636   0x00000010   Code   RO         3098    i.rt_object_is_systemobject  object.o
    0x08005646   0x08005646   0x00000002   PAD
    0x08005648   0x08005648   0x00000064   Code   RO         3169    i.rt_schedule       scheduler.o
    0x080056ac   0x080056ac   0x00000050   Code   RO         3170    i.rt_schedule_insert_thread  scheduler.o
    0x080056fc   0x080056fc   0x00000054   Code   RO         3171    i.rt_schedule_remove_thread  scheduler.o
    0x08005750   0x08005750   0x00000022   Code   RO         2752    i.rt_sem_init       ipc.o
    0x08005772   0x08005772   0x00000058   Code   RO         2753    i.rt_sem_release    ipc.o
    0x080057ca   0x080057ca   0x000000d6   Code   RO         2754    i.rt_sem_take       ipc.o
    0x080058a0   0x080058a0   0x000000b0   Code   RO         2846    i.rt_show_version   kservice.o
    0x08005950   0x08005950   0x00000010   Code   RO         2852    i.rt_strlen         kservice.o
    0x08005960   0x08005960   0x0000002a   Code   RO         2854    i.rt_strncpy        kservice.o
    0x0800598a   0x0800598a   0x00000002   PAD
    0x0800598c   0x0800598c   0x000000b0   Code   RO         3011    i.rt_system_heap_init  mem.o
    0x08005a3c   0x08005a3c   0x0000003c   Code   RO         3172    i.rt_system_scheduler_init  scheduler.o
    0x08005a78   0x08005a78   0x00000028   Code   RO         3173    i.rt_system_scheduler_start  scheduler.o
    0x08005aa0   0x08005aa0   0x00000018   Code   RO         3357    i.rt_system_timer_init  timer.o
    0x08005ab8   0x08005ab8   0x00000002   Code   RO         3358    i.rt_system_timer_thread_init  timer.o
    0x08005aba   0x08005aba   0x0000005a   Code   RO         3237    i.rt_thread_create  thread.o
    0x08005b14   0x08005b14   0x00000060   Code   RO         3242    i.rt_thread_exit    thread.o
    0x08005b74   0x08005b74   0x00000006   Code   RO         2713    i.rt_thread_idle_entry  idle.o
    0x08005b7a   0x08005b7a   0x00000002   PAD
    0x08005b7c   0x08005b7c   0x00000054   Code   RO         2714    i.rt_thread_idle_excute  idle.o
    0x08005bd0   0x08005bd0   0x00000040   Code   RO         2716    i.rt_thread_idle_init  idle.o
    0x08005c10   0x08005c10   0x00000032   Code   RO         3244    i.rt_thread_init    thread.o
    0x08005c42   0x08005c42   0x0000000e   Code   RO         3245    i.rt_thread_mdelay  thread.o
    0x08005c50   0x08005c50   0x00000048   Code   RO         3246    i.rt_thread_resume  thread.o
    0x08005c98   0x08005c98   0x0000000c   Code   RO         3247    i.rt_thread_self    thread.o
    0x08005ca4   0x08005ca4   0x00000044   Code   RO         3248    i.rt_thread_sleep   thread.o
    0x08005ce8   0x08005ce8   0x0000002a   Code   RO         3249    i.rt_thread_startup  thread.o
    0x08005d12   0x08005d12   0x00000044   Code   RO         3250    i.rt_thread_suspend  thread.o
    0x08005d56   0x08005d56   0x00000028   Code   RO         3251    i.rt_thread_timeout  thread.o
    0x08005d7e   0x08005d7e   0x00000002   PAD
    0x08005d80   0x08005d80   0x0000006c   Code   RO         3252    i.rt_thread_yield   thread.o
    0x08005dec   0x08005dec   0x00000032   Code   RO         2599    i.rt_tick_from_millisecond  clock.o
    0x08005e1e   0x08005e1e   0x00000002   PAD
    0x08005e20   0x08005e20   0x0000000c   Code   RO         2600    i.rt_tick_get       clock.o
    0x08005e2c   0x08005e2c   0x0000002c   Code   RO         2601    i.rt_tick_increase  clock.o
    0x08005e58   0x08005e58   0x000000f4   Code   RO         3359    i.rt_timer_check    timer.o
    0x08005f4c   0x08005f4c   0x00000054   Code   RO         3360    i.rt_timer_control  timer.o
    0x08005fa0   0x08005fa0   0x00000046   Code   RO         3363    i.rt_timer_detach   timer.o
    0x08005fe6   0x08005fe6   0x0000002a   Code   RO         3364    i.rt_timer_init     timer.o
    0x08006010   0x08006010   0x000000d0   Code   RO         3367    i.rt_timer_start    timer.o
    0x080060e0   0x080060e0   0x00000052   Code   RO         3368    i.rt_timer_stop     timer.o
    0x08006132   0x08006132   0x00000002   PAD
    0x08006134   0x08006134   0x0000032c   Code   RO         2857    i.rt_vsnprintf      kservice.o
    0x08006460   0x08006460   0x00000004   Code   RO         2644    i.rti_board_end     components.o
    0x08006464   0x08006464   0x00000004   Code   RO         2645    i.rti_board_start   components.o
    0x08006468   0x08006468   0x00000004   Code   RO         2646    i.rti_end           components.o
    0x0800646c   0x0800646c   0x00000004   Code   RO         2647    i.rti_start         components.o
    0x08006470   0x08006470   0x0000002a   Code   RO         2648    i.rtthread_startup  components.o
    0x0800649a   0x0800649a   0x00000002   PAD
    0x0800649c   0x0800649c   0x00000038   Code   RO         3750    i.shell_auto_complete  shell.o
    0x080064d4   0x080064d4   0x00000030   Code   RO         3575    i.show_wait_queue   cmd.o
    0x08006504   0x08006504   0x00000064   Code   RO           20    i.smoke_task_entry  main.o
    0x08006568   0x08006568   0x0000001e   Code   RO         3671    i.str_common        msh.o
    0x08006586   0x08006586   0x00000002   PAD
    0x08006588   0x08006588   0x00000034   Code   RO         3514    i.uart_init         board.o
    0x080065bc   0x080065bc   0x000000dc   Code   RO         3451    i.usage_fault_track  cpuport.o
    0x08006698   0x08006698   0x0000000a   Code   RO         3576    i.version           cmd.o
    0x080066a2   0x080066a2   0x00000008   Data   RO         1273    .constdata          stm32f4xx_hal_dma.o
    0x080066aa   0x080066aa   0x00000010   Data   RO         2326    .constdata          system_stm32f4xx.o
    0x080066ba   0x080066ba   0x00000008   Data   RO         2327    .constdata          system_stm32f4xx.o
    0x080066c2   0x080066c2   0x00000122   Data   RO         2860    .constdata          kservice.o
    0x080067e4   0x080067e4   0x00000044   Data   RO         3577    .conststring        cmd.o
    0x08006828   0x08006828   0x00000009   Data   RO         3014    .rodata.name        mem.o
    0x08006831   0x08006831   0x0000001e   Data   RO         3015    .rodata.name        mem.o
    0x0800684f   0x0800684f   0x00000006   Data   RO         3578    .rodata.name        cmd.o
    0x08006855   0x08006855   0x00000010   Data   RO         3579    .rodata.name        cmd.o
    0x08006865   0x08006865   0x00000008   Data   RO         3580    .rodata.name        cmd.o
    0x0800686d   0x0800686d   0x00000023   Data   RO         3581    .rodata.name        cmd.o
    0x08006890   0x08006890   0x0000000e   Data   RO         3582    .rodata.name        cmd.o
    0x0800689e   0x0800689e   0x00000023   Data   RO         3583    .rodata.name        cmd.o
    0x080068c1   0x080068c1   0x0000000c   Data   RO         3584    .rodata.name        cmd.o
    0x080068cd   0x080068cd   0x0000000c   Data   RO         3585    .rodata.name        cmd.o
    0x080068d9   0x080068d9   0x00000012   Data   RO         3586    .rodata.name        cmd.o
    0x080068eb   0x080068eb   0x0000000c   Data   RO         3587    .rodata.name        cmd.o
    0x080068f7   0x080068f7   0x00000009   Data   RO         3588    .rodata.name        cmd.o
    0x08006900   0x08006900   0x00000019   Data   RO         3589    .rodata.name        cmd.o
    0x08006919   0x08006919   0x0000000f   Data   RO         3590    .rodata.name        cmd.o
    0x08006928   0x08006928   0x00000019   Data   RO         3591    .rodata.name        cmd.o
    0x08006941   0x08006941   0x0000000b   Data   RO         3592    .rodata.name        cmd.o
    0x0800694c   0x0800694c   0x00000015   Data   RO         3593    .rodata.name        cmd.o
    0x08006961   0x08006961   0x00000011   Data   RO         3594    .rodata.name        cmd.o
    0x08006972   0x08006972   0x00000015   Data   RO         3595    .rodata.name        cmd.o
    0x08006987   0x08006987   0x00000005   Data   RO         3596    .rodata.name        cmd.o
    0x0800698c   0x0800698c   0x0000001a   Data   RO         3597    .rodata.name        cmd.o
    0x080069a6   0x080069a6   0x0000000b   Data   RO         3672    .rodata.name        msh.o
    0x080069b1   0x080069b1   0x00000016   Data   RO         3673    .rodata.name        msh.o
    0x080069c7   0x080069c7   0x00000009   Data   RO         3674    .rodata.name        msh.o
    0x080069d0   0x080069d0   0x0000001c   Data   RO         3675    .rodata.name        msh.o
    0x080069ec   0x080069ec   0x0000000b   Data   RO         3676    .rodata.name        msh.o
    0x080069f7   0x080069f7   0x00000025   Data   RO         3677    .rodata.name        msh.o
    0x08006a1c   0x08006a1c   0x00000004   Data   RO         2649    .rti_fn.0           components.o
    0x08006a20   0x08006a20   0x00000004   Data   RO         2650    .rti_fn.0.end       components.o
    0x08006a24   0x08006a24   0x00000004   Data   RO         3516    .rti_fn.1           board.o
    0x08006a28   0x08006a28   0x00000004   Data   RO         2651    .rti_fn.1.end       components.o
    0x08006a2c   0x08006a2c   0x00000004   Data   RO         3753    .rti_fn.6           shell.o
    0x08006a30   0x08006a30   0x00000004   Data   RO         2652    .rti_fn.6.end       components.o
    0x08006a34   0x08006a34   0x0000000c   Data   RO         3016    FSymTab             mem.o
    0x08006a40   0x08006a40   0x00000078   Data   RO         3598    FSymTab             cmd.o
    0x08006ab8   0x08006ab8   0x00000024   Data   RO         3678    FSymTab             msh.o
    0x08006adc   0x08006adc   0x00000020   Data   RO         4161    Region$$Table       anon$$obj.o


    Execution Region RW_IRAM2 (Exec base: 0x10000000, Load base: 0x08006bdc, Size: 0x00000000, Max: 0x00010000, ABSOLUTE)

    **** No section assigned to this execution region ****


    Execution Region RW_IRAM1 (Exec base: 0x20000000, Load base: 0x08006afc, Size: 0x00004fd0, Max: 0x00020000, ABSOLUTE)

    Exec Addr    Load Addr    Size         Type   Attr      Idx    E Section Name        Object

    0x20000000   0x08006afc   0x0000000c   Data   RW           22    .data               main.o
    0x2000000c   0x08006b08   0x0000000c   Data   RW         1700    .data               stm32f4xx_hal.o
    0x20000018   0x08006b14   0x00000004   Data   RW         2328    .data               system_stm32f4xx.o
    0x2000001c   0x08006b18   0x00000004   Data   RW         2449    .data               fire.o
    0x20000020   0x08006b1c   0x00000010   Data   RW         2486    .data               smoke.o
    0x20000030   0x08006b2c   0x00000010   Data   RW         2524    .data               light.o
    0x20000040   0x08006b3c   0x00000002   Data   RW         2558    .data               wife.o
    0x20000042   0x08006b3e   0x00000002   PAD
    0x20000044   0x08006b40   0x00000004   Data   RW         2603    .data               clock.o
    0x20000048   0x08006b44   0x00000001   Data   RW         2808    .data               irq.o
    0x20000049   0x08006b45   0x00000003   PAD
    0x2000004c   0x08006b48   0x00000018   Data   RW         3013    .data               mem.o
    0x20000064   0x08006b60   0x00000030   Data   RW         3100    .data               object.o
    0x20000094   0x08006b90   0x00000014   Data   RW         3175    .data               scheduler.o
    0x200000a8   0x08006ba4   0x0000000c   Data   RW         3369    .data               timer.o
    0x200000b4   0x08006bb0   0x00000004   Data   RW         3452    .data               cpuport.o
    0x200000b8   0x08006bb4   0x00000004   Data   RW         3453    .data               cpuport.o
    0x200000bc   0x08006bb8   0x00000004   Data   RW         3454    .data               cpuport.o
    0x200000c0   0x08006bbc   0x00000004   Data   RW         3455    .data               cpuport.o
    0x200000c4   0x08006bc0   0x00000018   Data   RW         3752    .data               shell.o
    0x200000dc   0x08006bd8   0x00000004   Data   RW         4143    .data               mc_w.l(stdout.o)
    0x200000e0        -       0x00000844   Zero   RW           21    .bss                main.o
    0x20000924        -       0x00000138   Zero   RW          281    .bss                adc.o
    0x20000a5c        -       0x000000cc   Zero   RW          360    .bss                usart.o
    0x20000b28        -       0x00000064   Zero   RW         2556    .bss                wife.o
    0x20000b8c        -       0x00000064   Zero   RW         2557    .bss                wife.o
    0x20000bf0        -       0x00000178   Zero   RW         2717    .bss                idle.o
    0x20000d68        -       0x00000080   Zero   RW         2859    .bss                kservice.o
    0x20000de8        -       0x00000020   Zero   RW         3012    .bss                mem.o
    0x20000e08        -       0x00000100   Zero   RW         3174    .bss                scheduler.o
    0x20000f08        -       0x00003c44   Zero   RW         3515    .bss                board.o
    0x20004b4c        -       0x00000081   Zero   RW         3751    .bss                shell.o
    0x20004bcd   0x08006bdc   0x00000003   PAD
    0x20004bd0        -       0x00000400   Zero   RW            1    STACK               startup_stm32f407xx.o


==============================================================================

Image component sizes


      Code (inc. data)   RO Data    RW Data    ZI Data      Debug   Object Name

       576         68          0          0        312       3109   adc.o
       256         28          4          0      15428       5408   board.o
       106         12          0          4          0       2044   clock.o
      1524        536        531          0          0      13936   cmd.o
       194         32         16          0          0       6684   components.o
       308         28          0          0          0        884   context_rvds.o
      1436        754          0         16          0       6998   cpuport.o
        44          4          0          0          0        746   dma.o
       100         48          0          4          0        705   fire.o
       236         16          0          0          0       1023   gpio.o
       154         24          0          0        376       5422   idle.o
       336          0          0          0          0       6821   ipc.o
        56         12          0          1          0       1790   irq.o
      1662        172        290          0        128      10861   kservice.o
       116         18          0          0          0        923   led.o
       200         64          0         16          0        786   light.o
      1246        206          0         12       2116     690358   main.o
       888        250         51         24         32       5923   mem.o
       862        160        154          0          0       9704   msh.o
       322          6          0         48          0       8476   object.o
       448         58          0         20        256       8962   scheduler.o
      1032        140          4         24        129      11908   shell.o
       148         46          0         16          0        774   smoke.o
        36          8        392          0       1024        832   startup_stm32f407xx.o
       128         20          0         12          0       8227   stm32f4xx_hal.o
      1466         52          0          0          0       8380   stm32f4xx_hal_adc.o
         2          0          0          0          0        977   stm32f4xx_hal_adc_ex.o
       198         14          0          0          0      33923   stm32f4xx_hal_cortex.o
       934         16          8          0          0       5583   stm32f4xx_hal_dma.o
       532         46          0          0          0       3476   stm32f4xx_hal_gpio.o
        48          6          0          0          0        822   stm32f4xx_hal_msp.o
      1356         78          0          0          0       5692   stm32f4xx_hal_rcc.o
      1668         16          0          0          0      11304   stm32f4xx_hal_uart.o
        94         36          0          0          0       4584   stm32f4xx_it.o
       136         20         24          4          0       1823   system_stm32f4xx.o
       812         38          0          0          0      13256   thread.o
       796         24          0         12          0      11716   timer.o
       488         54          0          0        204       4864   usart.o
      1000        532          0          2        200       2246   wife.o

    ----------------------------------------------------------------------
     21990       3642       1506        220      20208     921950   Object Totals
         0          0         32          0          0          0   (incl. Generated)
        46          0          0          5          3          0   (incl. Padding)

    ----------------------------------------------------------------------

      Code (inc. data)   RO Data    RW Data    ZI Data      Debug   Library Member Name

         0          0          0          0          0          0   entry.o
         0          0          0          0          0          0   entry10a.o
         0          0          0          0          0          0   entry11a.o
         8          4          0          0          0          0   entry2.o
         4          0          0          0          0          0   entry5.o
         0          0          0          0          0          0   entry7b.o
         0          0          0          0          0          0   entry8b.o
         8          4          0          0          0          0   entry9a.o
        30          0          0          0          0          0   handlers.o
        36          8          0          0          0         68   init.o
         0          0          0          0          0          0   iusefp.o
        30          0          0          0          0         68   llshl.o
        36          0          0          0          0         68   llsshr.o
        32          0          0          0          0         68   llushr.o
        36          0          0          0          0         68   memcpya.o
        36          0          0          0          0        108   memseta.o
      2258         90          0          0          0        452   printfa.o
         0          0          0          4          0          0   stdout.o
        24          0          0          0          0         68   strcat.o
        14          0          0          0          0         68   strlen.o
        30          0          0          0          0         80   strncmp.o
        24          0          0          0          0         76   strncpy.o
        44          0          0          0          0         80   uidiv.o
        98          0          0          0          0         92   uldiv.o
        48          0          0          0          0         68   cdcmple.o
        48          0          0          0          0         68   cdrcmple.o
       334          0          0          0          0        148   dadd.o
       222          0          0          0          0        100   ddiv.o
       186          0          0          0          0        176   depilogue.o
        48          0          0          0          0         68   dfixul.o
        26          0          0          0          0         76   dfltui.o
       228          0          0          0          0         96   dmul.o

    ----------------------------------------------------------------------
      3892        106          0          4          0       2164   Library Totals
         4          0          0          0          0          0   (incl. Padding)

    ----------------------------------------------------------------------

      Code (inc. data)   RO Data    RW Data    ZI Data      Debug   Library Name

      2748        106          0          4          0       1364   mc_w.l
      1140          0          0          0          0        800   mf_w.l

    ----------------------------------------------------------------------
      3892        106          0          4          0       2164   Library Totals

    ----------------------------------------------------------------------

==============================================================================


      Code (inc. data)   RO Data    RW Data    ZI Data      Debug   

     25882       3748       1506        224      20208     904274   Grand Totals
     25882       3748       1506        224      20208     904274   ELF Image Totals
     25882       3748       1506        224          0          0   ROM Totals

==============================================================================

    Total RO  Size (Code + RO Data)                27388 (  26.75kB)
    Total RW  Size (RW Data + ZI Data)             20432 (  19.95kB)
    Total ROM Size (Code + RO Data + RW Data)      27612 (  26.96kB)

==============================================================================

